// Jest Snapshot v1, https://goo.gl/fbAQLP

exports[`Checkbox renders correctly 1`] = `
Array [
  .emotion-0 {
  display: -webkit-box;
  display: -webkit-flex;
  display: -ms-flexbox;
  display: flex;
  -webkit-align-items: center;
  -webkit-box-align: center;
  -ms-flex-align: center;
  align-items: center;
  cursor: pointer;
}

.emotion-1 {
  clip: rect(0 0 0 0);
  width: 0;
  height: 0;
  margin: -1px;
  -webkit-appearance: none;
  -moz-appearance: none;
  -ms-appearance: none;
  appearance: none;
}

.emotion-1+div::before {
  content: '';
  position: absolute;
  top: -2px;
  left: -2px;
  right: -2px;
  bottom: -2px;
  border: solid 1px rgba(255, 255, 255, 0);
  border-radius: 3px;
}

.emotion-1:focus+div::before {
  border-color: rgba(245, 34, 45, 0.55);
}

.emotion-2 {
  position: relative;
  margin-right: 8px;
}

.emotion-3 {
  width: 16px;
  height: 16px;
  -webkit-flex-shrink: 0;
  -ms-flex-negative: 0;
  flex-shrink: 0;
  vertical-align: middle;
  width: 14px;
  height: 14px;
  width: 16px;
  height: 16px;
  fill: #f5222d;
  display: block;
}

.emotion-4 {
  margin: 0;
  font-family: Inter,Arial,sans-serif;
  font-size: 14px;
  line-height: 22px;
  color: #000000;
  -webkit-font-smoothing: antialiased;
}

.emotion-4 b {
  font-weight: 600;
}

<label
    className="emotion-0"
    title="Indeterminate"
  >
    <input
      checked={false}
      className="emotion-1"
      disabled={false}
      onChange={[Function]}
      type="checkbox"
    />
    <div
      className="emotion-2"
    >
      <svg
        className="emotion-3"
        viewBox="0 0 16 16"
      >
        <use
          xlinkHref="#checkbox-indeterminate"
        />
      </svg>
    </div>
    <span
      className="emotion-4"
    >
      Checked
    </span>
  </label>,
  .emotion-0 {
  display: -webkit-box;
  display: -webkit-flex;
  display: -ms-flexbox;
  display: flex;
  -webkit-align-items: center;
  -webkit-box-align: center;
  -ms-flex-align: center;
  align-items: center;
  cursor: pointer;
}

.emotion-1 {
  clip: rect(0 0 0 0);
  width: 0;
  height: 0;
  margin: -1px;
  -webkit-appearance: none;
  -moz-appearance: none;
  -ms-appearance: none;
  appearance: none;
}

.emotion-1+div::before {
  content: '';
  position: absolute;
  top: -2px;
  left: -2px;
  right: -2px;
  bottom: -2px;
  border: solid 1px rgba(255, 255, 255, 0);
  border-radius: 3px;
}

.emotion-1:focus+div::before {
  border-color: rgba(245, 34, 45, 0.55);
}

.emotion-2 {
  position: relative;
  margin-right: 8px;
}

.emotion-3 {
  width: 16px;
  height: 16px;
  -webkit-flex-shrink: 0;
  -ms-flex-negative: 0;
  flex-shrink: 0;
  vertical-align: middle;
  width: 14px;
  height: 14px;
  width: 16px;
  height: 16px;
  fill: #f5222d;
  display: block;
}

.emotion-4 {
  margin: 0;
  font-family: Inter,Arial,sans-serif;
  font-size: 14px;
  line-height: 22px;
  color: #000000;
  -webkit-font-smoothing: antialiased;
}

.emotion-4 b {
  font-weight: 600;
}

<label
    className="emotion-0"
  >
    <input
      checked={true}
      className="emotion-1"
      disabled={false}
      onChange={[Function]}
      type="checkbox"
    />
    <div
      className="emotion-2"
    >
      <svg
        className="emotion-3"
        viewBox="0 0 16 16"
      >
        <use
          xlinkHref="#checkbox-indeterminate"
        />
      </svg>
    </div>
    <span
      className="emotion-4"
    >
      Checked
    </span>
  </label>,
  .emotion-0 {
  display: -webkit-box;
  display: -webkit-flex;
  display: -ms-flexbox;
  display: flex;
  -webkit-align-items: center;
  -webkit-box-align: center;
  -ms-flex-align: center;
  align-items: center;
  cursor: pointer;
}

.emotion-1 {
  clip: rect(0 0 0 0);
  width: 0;
  height: 0;
  margin: -1px;
  -webkit-appearance: none;
  -moz-appearance: none;
  -ms-appearance: none;
  appearance: none;
}

.emotion-1+div::before {
  content: '';
  position: absolute;
  top: -2px;
  left: -2px;
  right: -2px;
  bottom: -2px;
  border: solid 1px rgba(255, 255, 255, 0);
  border-radius: 3px;
}

.emotion-1:focus+div::before {
  border-color: rgba(245, 34, 45, 0.55);
}

.emotion-2 {
  position: relative;
  margin-right: 8px;
}

.emotion-3 {
  width: 16px;
  height: 16px;
  -webkit-flex-shrink: 0;
  -ms-flex-negative: 0;
  flex-shrink: 0;
  vertical-align: middle;
  width: 14px;
  height: 14px;
  width: 16px;
  height: 16px;
  fill: #f5222d;
  display: block;
}

.emotion-4 {
  margin: 0;
  font-family: Inter,Arial,sans-serif;
  font-size: 14px;
  line-height: 22px;
  color: #000000;
  -webkit-font-smoothing: antialiased;
}

.emotion-4 b {
  font-weight: 600;
}

<label
    className="emotion-0"
    title="Initial"
  >
    <input
      checked={true}
      className="emotion-1"
      disabled={false}
      onChange={[Function]}
      type="checkbox"
    />
    <div
      className="emotion-2"
    >
      <svg
        className="emotion-3"
        viewBox="0 0 16 16"
      >
        <use
          xlinkHref="#checkbox-checked"
        />
      </svg>
    </div>
    <span
      className="emotion-4"
    >
      Checked
    </span>
  </label>,
  .emotion-0 {
  display: -webkit-box;
  display: -webkit-flex;
  display: -ms-flexbox;
  display: flex;
  -webkit-align-items: center;
  -webkit-box-align: center;
  -ms-flex-align: center;
  align-items: center;
  cursor: pointer;
}

.emotion-1 {
  clip: rect(0 0 0 0);
  width: 0;
  height: 0;
  margin: -1px;
  -webkit-appearance: none;
  -moz-appearance: none;
  -ms-appearance: none;
  appearance: none;
}

.emotion-1+div::before {
  content: '';
  position: absolute;
  top: -2px;
  left: -2px;
  right: -2px;
  bottom: -2px;
  border: solid 1px rgba(255, 255, 255, 0);
  border-radius: 3px;
}

.emotion-1:focus+div::before {
  border-color: rgba(245, 34, 45, 0.55);
}

.emotion-2 {
  position: relative;
  margin-right: 8px;
}

.emotion-3 {
  width: 16px;
  height: 16px;
  -webkit-flex-shrink: 0;
  -ms-flex-negative: 0;
  flex-shrink: 0;
  vertical-align: middle;
  width: 14px;
  height: 14px;
  width: 16px;
  height: 16px;
  fill: #f5222d;
  display: block;
}

.emotion-4 {
  margin: 0;
  font-family: Inter,Arial,sans-serif;
  font-size: 14px;
  line-height: 22px;
  color: #000000;
  -webkit-font-smoothing: antialiased;
}

.emotion-4 b {
  font-weight: 600;
}

<label
    className="emotion-0"
  >
    <input
      checked={false}
      className="emotion-1"
      disabled={false}
      onChange={[Function]}
      type="checkbox"
    />
    <div
      className="emotion-2"
    >
      <svg
        className="emotion-3"
        viewBox="0 0 16 16"
      >
        <use
          xlinkHref="#checkbox"
        />
      </svg>
    </div>
    <span
      className="emotion-4"
    >
      Initial
    </span>
  </label>,
  .emotion-0 {
  display: -webkit-box;
  display: -webkit-flex;
  display: -ms-flexbox;
  display: flex;
  -webkit-align-items: center;
  -webkit-box-align: center;
  -ms-flex-align: center;
  align-items: center;
  cursor: pointer;
}

.emotion-1 {
  clip: rect(0 0 0 0);
  width: 0;
  height: 0;
  margin: -1px;
  -webkit-appearance: none;
  -moz-appearance: none;
  -ms-appearance: none;
  appearance: none;
}

.emotion-1+div::before {
  content: '';
  position: absolute;
  top: -2px;
  left: -2px;
  right: -2px;
  bottom: -2px;
  border: solid 1px rgba(255, 255, 255, 0);
  border-radius: 3px;
}

.emotion-1:focus+div::before {
  border-color: rgba(245, 34, 45, 0.55);
}

.emotion-2 {
  position: relative;
  margin-right: 8px;
}

.emotion-3 {
  width: 16px;
  height: 16px;
  -webkit-flex-shrink: 0;
  -ms-flex-negative: 0;
  flex-shrink: 0;
  vertical-align: middle;
  width: 14px;
  height: 14px;
  width: 16px;
  height: 16px;
  fill: #f5222d;
  fill: #fcc8cb;
  display: block;
}

.emotion-4 {
  margin: 0;
  font-family: Inter,Arial,sans-serif;
  font-size: 14px;
  line-height: 22px;
  color: #000000;
  -webkit-font-smoothing: antialiased;
}

.emotion-4 b {
  font-weight: 600;
}

<label
    className="emotion-0"
  >
    <input
      checked={true}
      className="emotion-1"
      disabled={true}
      onChange={[Function]}
      type="checkbox"
    />
    <div
      className="emotion-2"
    >
      <svg
        className="emotion-3"
        viewBox="0 0 16 16"
      >
        <use
          xlinkHref="#checkbox-indeterminate-disabled"
        />
      </svg>
    </div>
    <span
      className="emotion-4"
    >
      Checked disabled
    </span>
  </label>,
  .emotion-0 {
  display: -webkit-box;
  display: -webkit-flex;
  display: -ms-flexbox;
  display: flex;
  -webkit-align-items: center;
  -webkit-box-align: center;
  -ms-flex-align: center;
  align-items: center;
  cursor: pointer;
}

.emotion-1 {
  clip: rect(0 0 0 0);
  width: 0;
  height: 0;
  margin: -1px;
  -webkit-appearance: none;
  -moz-appearance: none;
  -ms-appearance: none;
  appearance: none;
}

.emotion-1+div::before {
  content: '';
  position: absolute;
  top: -2px;
  left: -2px;
  right: -2px;
  bottom: -2px;
  border: solid 1px rgba(255, 255, 255, 0);
  border-radius: 3px;
}

.emotion-1:focus+div::before {
  border-color: rgba(245, 34, 45, 0.55);
}

.emotion-2 {
  position: relative;
  margin-right: 8px;
}

.emotion-3 {
  width: 16px;
  height: 16px;
  -webkit-flex-shrink: 0;
  -ms-flex-negative: 0;
  flex-shrink: 0;
  vertical-align: middle;
  width: 14px;
  height: 14px;
  width: 16px;
  height: 16px;
  fill: #f5222d;
  fill: #fcc8cb;
  display: block;
}

.emotion-4 {
  margin: 0;
  font-family: Inter,Arial,sans-serif;
  font-size: 14px;
  line-height: 22px;
  color: #000000;
  -webkit-font-smoothing: antialiased;
}

.emotion-4 b {
  font-weight: 600;
}

<label
    className="emotion-0"
  >
    <input
      checked={false}
      className="emotion-1"
      disabled={true}
      onChange={[Function]}
      type="checkbox"
    />
    <div
      className="emotion-2"
    >
      <svg
        className="emotion-3"
        viewBox="0 0 16 16"
      >
        <use
          xlinkHref="#checkbox-indeterminate-disabled"
        />
      </svg>
    </div>
    <span
      className="emotion-4"
    >
      Disabled
    </span>
  </label>,
  .emotion-0 {
  display: -webkit-box;
  display: -webkit-flex;
  display: -ms-flexbox;
  display: flex;
  -webkit-align-items: center;
  -webkit-box-align: center;
  -ms-flex-align: center;
  align-items: center;
  cursor: pointer;
}

.emotion-1 {
  clip: rect(0 0 0 0);
  width: 0;
  height: 0;
  margin: -1px;
  -webkit-appearance: none;
  -moz-appearance: none;
  -ms-appearance: none;
  appearance: none;
}

.emotion-1+div::before {
  content: '';
  position: absolute;
  top: -2px;
  left: -2px;
  right: -2px;
  bottom: -2px;
  border: solid 1px rgba(255, 255, 255, 0);
  border-radius: 3px;
}

.emotion-1:focus+div::before {
  border-color: rgba(245, 34, 45, 0.55);
}

.emotion-2 {
  position: relative;
  margin-right: 8px;
}

.emotion-3 {
  width: 16px;
  height: 16px;
  -webkit-flex-shrink: 0;
  -ms-flex-negative: 0;
  flex-shrink: 0;
  vertical-align: middle;
  width: 14px;
  height: 14px;
  width: 16px;
  height: 16px;
  fill: #f5222d;
  fill: #fcc8cb;
  display: block;
}

.emotion-4 {
  margin: 0;
  font-family: Inter,Arial,sans-serif;
  font-size: 14px;
  line-height: 22px;
  color: #000000;
  -webkit-font-smoothing: antialiased;
}

.emotion-4 b {
  font-weight: 600;
}

<label
    className="emotion-0"
  >
    <input
      checked={true}
      className="emotion-1"
      disabled={true}
      onChange={[Function]}
      type="checkbox"
    />
    <div
      className="emotion-2"
    >
      <svg
        className="emotion-3"
        viewBox="0 0 16 16"
      >
        <use
          xlinkHref="#checkbox-checked-disabled"
        />
      </svg>
    </div>
    <span
      className="emotion-4"
    >
      Checked disabled
    </span>
  </label>,
  .emotion-0 {
  display: -webkit-box;
  display: -webkit-flex;
  display: -ms-flexbox;
  display: flex;
  -webkit-align-items: center;
  -webkit-box-align: center;
  -ms-flex-align: center;
  align-items: center;
  cursor: pointer;
}

.emotion-1 {
  clip: rect(0 0 0 0);
  width: 0;
  height: 0;
  margin: -1px;
  -webkit-appearance: none;
  -moz-appearance: none;
  -ms-appearance: none;
  appearance: none;
}

.emotion-1+div::before {
  content: '';
  position: absolute;
  top: -2px;
  left: -2px;
  right: -2px;
  bottom: -2px;
  border: solid 1px rgba(255, 255, 255, 0);
  border-radius: 3px;
}

.emotion-1:focus+div::before {
  border-color: rgba(245, 34, 45, 0.55);
}

.emotion-2 {
  position: relative;
  margin-right: 8px;
}

.emotion-3 {
  width: 16px;
  height: 16px;
  -webkit-flex-shrink: 0;
  -ms-flex-negative: 0;
  flex-shrink: 0;
  vertical-align: middle;
  width: 14px;
  height: 14px;
  width: 16px;
  height: 16px;
  fill: #f5222d;
  fill: #fcc8cb;
  display: block;
}

.emotion-4 {
  margin: 0;
  font-family: Inter,Arial,sans-serif;
  font-size: 14px;
  line-height: 22px;
  color: #000000;
  -webkit-font-smoothing: antialiased;
}

.emotion-4 b {
  font-weight: 600;
}

<label
    className="emotion-0"
  >
    <input
      checked={false}
      className="emotion-1"
      disabled={true}
      onChange={[Function]}
      type="checkbox"
    />
    <div
      className="emotion-2"
    >
      <svg
        className="emotion-3"
        viewBox="0 0 16 16"
      >
        <use
          xlinkHref="#checkbox-disabled"
        />
      </svg>
    </div>
    <span
      className="emotion-4"
    >
      Disabled
    </span>
  </label>,
]
`;
