// Jest Snapshot v1, https://goo.gl/fbAQLP

exports[`TiledList renders correctly 1`] = `
Array [
  <ul
    className="css-19qawxu"
  >
    <li
      className="css-1y3vk5c"
    >
      <span
        className="css-1ggp6x0"
      >
        John
      </span>
      <span
        className="css-1lh30e5"
      >
        $200
      </span>
    </li>
    <li
      className="css-1y3vk5c"
    >
      <span
        className="css-1ggp6x0"
      >
        Emily
      </span>
      <span
        className="css-1lh30e5"
      >
        $1500
      </span>
    </li>
    <li
      className="css-1y3vk5c"
    >
      <span
        className="css-1ggp6x0"
      >
        Michael
      </span>
      <span
        className="css-1lh30e5"
      >
        $500
      </span>
    </li>
  </ul>,
  <ul
    className="css-4oc43e"
  >
    <li
      className="css-4nh3xp"
    >
      <span
        className="css-1ggp6x0"
      >
        John
      </span>
      <span
        className="css-1lh30e5"
      >
        $200
      </span>
    </li>
    <li
      className="css-4nh3xp"
    >
      <span
        className="css-1ggp6x0"
      >
        Emily
      </span>
      <span
        className="css-1lh30e5"
      >
        $1500
      </span>
    </li>
    <li
      className="css-4nh3xp"
    >
      <span
        className="css-1ggp6x0"
      >
        Michael
      </span>
      <span
        className="css-1lh30e5"
      >
        $500
      </span>
    </li>
  </ul>,
]
`;
