// Jest Snapshot v1, https://goo.gl/fbAQLP

exports[`Buttons with icons renders correctly idle state 1`] = `
Array [
  <button
    className="css-xhnfgx"
    title="Click me right meow!"
    type="button"
  >
    <svg
      className="css-16vc0kf"
      viewBox="0 0 16 16"
    >
      <use
        xlinkHref="#ok"
      />
    </svg>
    Click me
  </button>,
  <button
    className="css-fz07pv"
    type="button"
  >
    <svg
      className="css-16vc0kf"
      viewBox="0 0 16 16"
    >
      <use
        xlinkHref="#ok"
      />
    </svg>
    Click me
  </button>,
  <button
    className="css-r22usi"
    type="button"
  >
    <svg
      className="css-16vc0kf"
      viewBox="0 0 16 16"
    >
      <use
        xlinkHref="#ok"
      />
    </svg>
    Click me
  </button>,
  <button
    className="css-1lohzum"
    type="button"
  >
    <svg
      className="css-16vc0kf"
      viewBox="0 0 16 16"
    >
      <use
        xlinkHref="#ok"
      />
    </svg>
    Click me
  </button>,
  <button
    className="css-1ku0exm"
    type="button"
  >
    <svg
      className="css-16vc0kf"
      viewBox="0 0 16 16"
    >
      <use
        xlinkHref="#ok"
      />
    </svg>
    Click me
  </button>,
  <button
    className="css-13hml7x"
    disabled={true}
    type="button"
  >
    <svg
      className="css-16vc0kf"
      viewBox="0 0 16 16"
    >
      <use
        xlinkHref="#ok"
      />
    </svg>
    Click me
  </button>,
  <button
    className="css-f1hm6e"
    title="Click me right meow!"
    type="button"
  >
    <svg
      className="css-16vc0kf"
      viewBox="0 0 16 16"
    >
      <use
        xlinkHref="#ok"
      />
    </svg>
    Click me
  </button>,
  <button
    className="css-z3qrkx"
    type="button"
  >
    <svg
      className="css-16vc0kf"
      viewBox="0 0 16 16"
    >
      <use
        xlinkHref="#ok"
      />
    </svg>
    Click me
  </button>,
  <button
    className="css-che76u"
    type="button"
  >
    <svg
      className="css-16vc0kf"
      viewBox="0 0 16 16"
    >
      <use
        xlinkHref="#ok"
      />
    </svg>
    Click me
  </button>,
  <button
    className="css-1kzr4pr"
    type="button"
  >
    <svg
      className="css-16vc0kf"
      viewBox="0 0 16 16"
    >
      <use
        xlinkHref="#ok"
      />
    </svg>
    Click me
  </button>,
  <button
    className="css-uar280"
    type="button"
  >
    <svg
      className="css-16vc0kf"
      viewBox="0 0 16 16"
    >
      <use
        xlinkHref="#ok"
      />
    </svg>
    Click me
  </button>,
  <button
    className="css-1508rq6"
    disabled={true}
    type="button"
  >
    <svg
      className="css-16vc0kf"
      viewBox="0 0 16 16"
    >
      <use
        xlinkHref="#ok"
      />
    </svg>
    Click me
  </button>,
  <button
    className="css-xhnfgx"
    title="Click me right meow!"
    type="button"
  >
    Click me
    <svg
      className="css-1i0lh2x"
      viewBox="0 0 16 16"
    >
      <use
        xlinkHref="#ok"
      />
    </svg>
  </button>,
  <button
    className="css-fz07pv"
    type="button"
  >
    Click me
    <svg
      className="css-1i0lh2x"
      viewBox="0 0 16 16"
    >
      <use
        xlinkHref="#ok"
      />
    </svg>
  </button>,
  <button
    className="css-r22usi"
    type="button"
  >
    Click me
    <svg
      className="css-1i0lh2x"
      viewBox="0 0 16 16"
    >
      <use
        xlinkHref="#ok"
      />
    </svg>
  </button>,
  <button
    className="css-1lohzum"
    type="button"
  >
    Click me
    <svg
      className="css-1i0lh2x"
      viewBox="0 0 16 16"
    >
      <use
        xlinkHref="#ok"
      />
    </svg>
  </button>,
  <button
    className="css-1ku0exm"
    type="button"
  >
    Click me
    <svg
      className="css-1i0lh2x"
      viewBox="0 0 16 16"
    >
      <use
        xlinkHref="#ok"
      />
    </svg>
  </button>,
  <button
    className="css-13hml7x"
    disabled={true}
    type="button"
  >
    Click me
    <svg
      className="css-1i0lh2x"
      viewBox="0 0 16 16"
    >
      <use
        xlinkHref="#ok"
      />
    </svg>
  </button>,
  <button
    className="css-f1hm6e"
    title="Click me right meow!"
    type="button"
  >
    Click me
    <svg
      className="css-1i0lh2x"
      viewBox="0 0 16 16"
    >
      <use
        xlinkHref="#ok"
      />
    </svg>
  </button>,
  <button
    className="css-z3qrkx"
    type="button"
  >
    Click me
    <svg
      className="css-1i0lh2x"
      viewBox="0 0 16 16"
    >
      <use
        xlinkHref="#ok"
      />
    </svg>
  </button>,
  <button
    className="css-che76u"
    type="button"
  >
    Click me
    <svg
      className="css-1i0lh2x"
      viewBox="0 0 16 16"
    >
      <use
        xlinkHref="#ok"
      />
    </svg>
  </button>,
  <button
    className="css-1kzr4pr"
    type="button"
  >
    Click me
    <svg
      className="css-1i0lh2x"
      viewBox="0 0 16 16"
    >
      <use
        xlinkHref="#ok"
      />
    </svg>
  </button>,
  <button
    className="css-uar280"
    type="button"
  >
    Click me
    <svg
      className="css-1i0lh2x"
      viewBox="0 0 16 16"
    >
      <use
        xlinkHref="#ok"
      />
    </svg>
  </button>,
  <button
    className="css-1508rq6"
    disabled={true}
    type="button"
  >
    Click me
    <svg
      className="css-1i0lh2x"
      viewBox="0 0 16 16"
    >
      <use
        xlinkHref="#ok"
      />
    </svg>
  </button>,
  <button
    className="css-xhnfgx"
    title="Click me right meow!"
    type="button"
  >
    <svg
      className="css-16vc0kf"
      viewBox="0 0 16 16"
    >
      <use
        xlinkHref="#ok"
      />
    </svg>
    Click me
    <svg
      className="css-1i0lh2x"
      viewBox="0 0 16 16"
    >
      <use
        xlinkHref="#ok"
      />
    </svg>
  </button>,
  <button
    className="css-fz07pv"
    type="button"
  >
    <svg
      className="css-16vc0kf"
      viewBox="0 0 16 16"
    >
      <use
        xlinkHref="#ok"
      />
    </svg>
    Click me
    <svg
      className="css-1i0lh2x"
      viewBox="0 0 16 16"
    >
      <use
        xlinkHref="#ok"
      />
    </svg>
  </button>,
  <button
    className="css-r22usi"
    type="button"
  >
    <svg
      className="css-16vc0kf"
      viewBox="0 0 16 16"
    >
      <use
        xlinkHref="#ok"
      />
    </svg>
    Click me
    <svg
      className="css-1i0lh2x"
      viewBox="0 0 16 16"
    >
      <use
        xlinkHref="#ok"
      />
    </svg>
  </button>,
  <button
    className="css-1lohzum"
    type="button"
  >
    <svg
      className="css-16vc0kf"
      viewBox="0 0 16 16"
    >
      <use
        xlinkHref="#ok"
      />
    </svg>
    Click me
    <svg
      className="css-1i0lh2x"
      viewBox="0 0 16 16"
    >
      <use
        xlinkHref="#ok"
      />
    </svg>
  </button>,
  <button
    className="css-1ku0exm"
    type="button"
  >
    <svg
      className="css-16vc0kf"
      viewBox="0 0 16 16"
    >
      <use
        xlinkHref="#ok"
      />
    </svg>
    Click me
    <svg
      className="css-1i0lh2x"
      viewBox="0 0 16 16"
    >
      <use
        xlinkHref="#ok"
      />
    </svg>
  </button>,
  <button
    className="css-13hml7x"
    disabled={true}
    type="button"
  >
    <svg
      className="css-16vc0kf"
      viewBox="0 0 16 16"
    >
      <use
        xlinkHref="#ok"
      />
    </svg>
    Click me
    <svg
      className="css-1i0lh2x"
      viewBox="0 0 16 16"
    >
      <use
        xlinkHref="#ok"
      />
    </svg>
  </button>,
  <button
    className="css-f1hm6e"
    title="Click me right meow!"
    type="button"
  >
    <svg
      className="css-16vc0kf"
      viewBox="0 0 16 16"
    >
      <use
        xlinkHref="#ok"
      />
    </svg>
    Click me
    <svg
      className="css-1i0lh2x"
      viewBox="0 0 16 16"
    >
      <use
        xlinkHref="#ok"
      />
    </svg>
  </button>,
  <button
    className="css-z3qrkx"
    type="button"
  >
    <svg
      className="css-16vc0kf"
      viewBox="0 0 16 16"
    >
      <use
        xlinkHref="#ok"
      />
    </svg>
    Click me
    <svg
      className="css-1i0lh2x"
      viewBox="0 0 16 16"
    >
      <use
        xlinkHref="#ok"
      />
    </svg>
  </button>,
  <button
    className="css-che76u"
    type="button"
  >
    <svg
      className="css-16vc0kf"
      viewBox="0 0 16 16"
    >
      <use
        xlinkHref="#ok"
      />
    </svg>
    Click me
    <svg
      className="css-1i0lh2x"
      viewBox="0 0 16 16"
    >
      <use
        xlinkHref="#ok"
      />
    </svg>
  </button>,
  <button
    className="css-1kzr4pr"
    type="button"
  >
    <svg
      className="css-16vc0kf"
      viewBox="0 0 16 16"
    >
      <use
        xlinkHref="#ok"
      />
    </svg>
    Click me
    <svg
      className="css-1i0lh2x"
      viewBox="0 0 16 16"
    >
      <use
        xlinkHref="#ok"
      />
    </svg>
  </button>,
  <button
    className="css-uar280"
    type="button"
  >
    <svg
      className="css-16vc0kf"
      viewBox="0 0 16 16"
    >
      <use
        xlinkHref="#ok"
      />
    </svg>
    Click me
    <svg
      className="css-1i0lh2x"
      viewBox="0 0 16 16"
    >
      <use
        xlinkHref="#ok"
      />
    </svg>
  </button>,
  <button
    className="css-1508rq6"
    disabled={true}
    type="button"
  >
    <svg
      className="css-16vc0kf"
      viewBox="0 0 16 16"
    >
      <use
        xlinkHref="#ok"
      />
    </svg>
    Click me
    <svg
      className="css-1i0lh2x"
      viewBox="0 0 16 16"
    >
      <use
        xlinkHref="#ok"
      />
    </svg>
  </button>,
]
`;

exports[`Buttons with icons renders correctly loading state 1`] = `
Array [
  <button
    className="css-s6c66"
    title="Click me right meow!"
    type="button"
  >
    <svg
      className="css-16vc0kf"
      viewBox="0 0 16 16"
    >
      <use
        xlinkHref="#ok"
      />
    </svg>
    Click me
    <div
      className="css-9lvo7z"
    >
      <svg
        className="css-y04s82"
        viewBox="0 0 128 128"
      >
        <use
          xlinkHref="#icon-spinner"
        />
      </svg>
    </div>
  </button>,
  <button
    className="css-ohrz5q"
    type="button"
  >
    <svg
      className="css-16vc0kf"
      viewBox="0 0 16 16"
    >
      <use
        xlinkHref="#ok"
      />
    </svg>
    Click me
    <div
      className="css-9lvo7z"
    >
      <svg
        className="css-1xsffl2"
        viewBox="0 0 128 128"
      >
        <use
          xlinkHref="#icon-spinner"
        />
      </svg>
    </div>
  </button>,
  <button
    className="css-20iw98"
    type="button"
  >
    <svg
      className="css-16vc0kf"
      viewBox="0 0 16 16"
    >
      <use
        xlinkHref="#ok"
      />
    </svg>
    Click me
    <div
      className="css-9lvo7z"
    >
      <svg
        className="css-13lrbql"
        viewBox="0 0 128 128"
      >
        <use
          xlinkHref="#icon-spinner"
        />
      </svg>
    </div>
  </button>,
  <button
    className="css-6u5jv6"
    type="button"
  >
    <svg
      className="css-16vc0kf"
      viewBox="0 0 16 16"
    >
      <use
        xlinkHref="#ok"
      />
    </svg>
    Click me
    <div
      className="css-9lvo7z"
    >
      <svg
        className="css-13lrbql"
        viewBox="0 0 128 128"
      >
        <use
          xlinkHref="#icon-spinner"
        />
      </svg>
    </div>
  </button>,
  <button
    className="css-1etaei0"
    type="button"
  >
    <svg
      className="css-16vc0kf"
      viewBox="0 0 16 16"
    >
      <use
        xlinkHref="#ok"
      />
    </svg>
    Click me
    <div
      className="css-9lvo7z"
    >
      <svg
        className="css-13lrbql"
        viewBox="0 0 128 128"
      >
        <use
          xlinkHref="#icon-spinner"
        />
      </svg>
    </div>
  </button>,
  <button
    className="css-13hml7x"
    disabled={true}
    type="button"
  >
    <svg
      className="css-16vc0kf"
      viewBox="0 0 16 16"
    >
      <use
        xlinkHref="#ok"
      />
    </svg>
    Click me
  </button>,
  <button
    className="css-1jx8csj"
    title="Click me right meow!"
    type="button"
  >
    <svg
      className="css-16vc0kf"
      viewBox="0 0 16 16"
    >
      <use
        xlinkHref="#ok"
      />
    </svg>
    Click me
    <div
      className="css-9lvo7z"
    >
      <svg
        className="css-y04s82"
        viewBox="0 0 128 128"
      >
        <use
          xlinkHref="#icon-spinner"
        />
      </svg>
    </div>
  </button>,
  <button
    className="css-ux0k9h"
    type="button"
  >
    <svg
      className="css-16vc0kf"
      viewBox="0 0 16 16"
    >
      <use
        xlinkHref="#ok"
      />
    </svg>
    Click me
    <div
      className="css-9lvo7z"
    >
      <svg
        className="css-1xsffl2"
        viewBox="0 0 128 128"
      >
        <use
          xlinkHref="#icon-spinner"
        />
      </svg>
    </div>
  </button>,
  <button
    className="css-13exrnx"
    type="button"
  >
    <svg
      className="css-16vc0kf"
      viewBox="0 0 16 16"
    >
      <use
        xlinkHref="#ok"
      />
    </svg>
    Click me
    <div
      className="css-9lvo7z"
    >
      <svg
        className="css-13lrbql"
        viewBox="0 0 128 128"
      >
        <use
          xlinkHref="#icon-spinner"
        />
      </svg>
    </div>
  </button>,
  <button
    className="css-wix3ik"
    type="button"
  >
    <svg
      className="css-16vc0kf"
      viewBox="0 0 16 16"
    >
      <use
        xlinkHref="#ok"
      />
    </svg>
    Click me
    <div
      className="css-9lvo7z"
    >
      <svg
        className="css-13lrbql"
        viewBox="0 0 128 128"
      >
        <use
          xlinkHref="#icon-spinner"
        />
      </svg>
    </div>
  </button>,
  <button
    className="css-6gfgys"
    type="button"
  >
    <svg
      className="css-16vc0kf"
      viewBox="0 0 16 16"
    >
      <use
        xlinkHref="#ok"
      />
    </svg>
    Click me
    <div
      className="css-9lvo7z"
    >
      <svg
        className="css-13lrbql"
        viewBox="0 0 128 128"
      >
        <use
          xlinkHref="#icon-spinner"
        />
      </svg>
    </div>
  </button>,
  <button
    className="css-1508rq6"
    disabled={true}
    type="button"
  >
    <svg
      className="css-16vc0kf"
      viewBox="0 0 16 16"
    >
      <use
        xlinkHref="#ok"
      />
    </svg>
    Click me
  </button>,
]
`;

exports[`Simple buttons renders correctly idle state 1`] = `
Array [
  <button
    className="css-xhnfgx"
    title="Click me right meow!"
    type="button"
  >
    Click me
  </button>,
  <button
    className="css-fz07pv"
    type="button"
  >
    Click me
  </button>,
  <button
    className="css-r22usi"
    type="button"
  >
    Click me
  </button>,
  <button
    className="css-1lohzum"
    type="button"
  >
    Click me
  </button>,
  <button
    className="css-1ku0exm"
    type="button"
  >
    Click me
  </button>,
  <button
    className="css-13hml7x"
    disabled={true}
    type="button"
  >
    Click me
  </button>,
  <button
    className="css-f1hm6e"
    title="Click me right meow!"
    type="button"
  >
    Click me
  </button>,
  <button
    className="css-z3qrkx"
    type="button"
  >
    Click me
  </button>,
  <button
    className="css-che76u"
    type="button"
  >
    Click me
  </button>,
  <button
    className="css-1kzr4pr"
    type="button"
  >
    Click me
  </button>,
  <button
    className="css-uar280"
    type="button"
  >
    Click me
  </button>,
  <button
    className="css-1508rq6"
    disabled={true}
    type="button"
  >
    Click me
  </button>,
  <button
    className="css-16hprh3"
    title="Click me right meow!"
    type="button"
  >
    Click me
  </button>,
  <button
    className="css-1ipdsd7"
    type="button"
  >
    Click me
  </button>,
  <button
    className="css-mji846"
    type="button"
  >
    Click me
  </button>,
  <button
    className="css-unvk46"
    type="button"
  >
    Click me
  </button>,
  <button
    className="css-1r6mo2q"
    type="button"
  >
    Click me
  </button>,
  <button
    className="css-1svax3z"
    disabled={true}
    type="button"
  >
    Click me
  </button>,
]
`;

exports[`Simple buttons renders correctly loading state 1`] = `
Array [
  <button
    className="css-s6c66"
    title="Click me right meow!"
    type="button"
  >
    Click me
    <div
      className="css-9lvo7z"
    >
      <svg
        className="css-y04s82"
        viewBox="0 0 128 128"
      >
        <use
          xlinkHref="#icon-spinner"
        />
      </svg>
    </div>
  </button>,
  <button
    className="css-ohrz5q"
    type="button"
  >
    Click me
    <div
      className="css-9lvo7z"
    >
      <svg
        className="css-1xsffl2"
        viewBox="0 0 128 128"
      >
        <use
          xlinkHref="#icon-spinner"
        />
      </svg>
    </div>
  </button>,
  <button
    className="css-20iw98"
    type="button"
  >
    Click me
    <div
      className="css-9lvo7z"
    >
      <svg
        className="css-13lrbql"
        viewBox="0 0 128 128"
      >
        <use
          xlinkHref="#icon-spinner"
        />
      </svg>
    </div>
  </button>,
  <button
    className="css-6u5jv6"
    type="button"
  >
    Click me
    <div
      className="css-9lvo7z"
    >
      <svg
        className="css-13lrbql"
        viewBox="0 0 128 128"
      >
        <use
          xlinkHref="#icon-spinner"
        />
      </svg>
    </div>
  </button>,
  <button
    className="css-1etaei0"
    type="button"
  >
    Click me
    <div
      className="css-9lvo7z"
    >
      <svg
        className="css-13lrbql"
        viewBox="0 0 128 128"
      >
        <use
          xlinkHref="#icon-spinner"
        />
      </svg>
    </div>
  </button>,
  <button
    className="css-13hml7x"
    disabled={true}
    type="button"
  >
    Click me
  </button>,
  <button
    className="css-1jx8csj"
    title="Click me right meow!"
    type="button"
  >
    Click me
    <div
      className="css-9lvo7z"
    >
      <svg
        className="css-y04s82"
        viewBox="0 0 128 128"
      >
        <use
          xlinkHref="#icon-spinner"
        />
      </svg>
    </div>
  </button>,
  <button
    className="css-ux0k9h"
    type="button"
  >
    Click me
    <div
      className="css-9lvo7z"
    >
      <svg
        className="css-1xsffl2"
        viewBox="0 0 128 128"
      >
        <use
          xlinkHref="#icon-spinner"
        />
      </svg>
    </div>
  </button>,
  <button
    className="css-13exrnx"
    type="button"
  >
    Click me
    <div
      className="css-9lvo7z"
    >
      <svg
        className="css-13lrbql"
        viewBox="0 0 128 128"
      >
        <use
          xlinkHref="#icon-spinner"
        />
      </svg>
    </div>
  </button>,
  <button
    className="css-wix3ik"
    type="button"
  >
    Click me
    <div
      className="css-9lvo7z"
    >
      <svg
        className="css-13lrbql"
        viewBox="0 0 128 128"
      >
        <use
          xlinkHref="#icon-spinner"
        />
      </svg>
    </div>
  </button>,
  <button
    className="css-6gfgys"
    type="button"
  >
    Click me
    <div
      className="css-9lvo7z"
    >
      <svg
        className="css-13lrbql"
        viewBox="0 0 128 128"
      >
        <use
          xlinkHref="#icon-spinner"
        />
      </svg>
    </div>
  </button>,
  <button
    className="css-1508rq6"
    disabled={true}
    type="button"
  >
    Click me
  </button>,
  <button
    className="css-10mqp4b"
    title="Click me right meow!"
    type="button"
  >
    Click me
    <div
      className="css-9lvo7z"
    >
      <svg
        className="css-y04s82"
        viewBox="0 0 128 128"
      >
        <use
          xlinkHref="#icon-spinner"
        />
      </svg>
    </div>
  </button>,
  <button
    className="css-1l2y3xc"
    type="button"
  >
    Click me
    <div
      className="css-9lvo7z"
    >
      <svg
        className="css-1xsffl2"
        viewBox="0 0 128 128"
      >
        <use
          xlinkHref="#icon-spinner"
        />
      </svg>
    </div>
  </button>,
  <button
    className="css-9or1kk"
    type="button"
  >
    Click me
    <div
      className="css-9lvo7z"
    >
      <svg
        className="css-13lrbql"
        viewBox="0 0 128 128"
      >
        <use
          xlinkHref="#icon-spinner"
        />
      </svg>
    </div>
  </button>,
  <button
    className="css-10syg74"
    type="button"
  >
    Click me
    <div
      className="css-9lvo7z"
    >
      <svg
        className="css-13lrbql"
        viewBox="0 0 128 128"
      >
        <use
          xlinkHref="#icon-spinner"
        />
      </svg>
    </div>
  </button>,
  <button
    className="css-tht83y"
    type="button"
  >
    Click me
    <div
      className="css-9lvo7z"
    >
      <svg
        className="css-13lrbql"
        viewBox="0 0 128 128"
      >
        <use
          xlinkHref="#icon-spinner"
        />
      </svg>
    </div>
  </button>,
  <button
    className="css-1svax3z"
    disabled={true}
    type="button"
  >
    Click me
  </button>,
]
`;
