// Jest Snapshot v1, https://goo.gl/fbAQLP

exports[`Buttons with icons renders correctly idle state 1`] = `
Array [
  <button
    className="css-ixus2c"
    title="Click me right meow!"
    type="button"
  >
    <svg
      className="css-1xuhvjx"
      viewBox="0 0 16 16"
    >
      <use
        xlinkHref="#ok"
      />
    </svg>
    Click me
  </button>,
  <button
    className="css-1x0je85"
    disabled={true}
    title="Click me right meow!"
    type="button"
  >
    <svg
      className="css-1xuhvjx"
      viewBox="0 0 16 16"
    >
      <use
        xlinkHref="#ok"
      />
    </svg>
    Click me
  </button>,
  <button
    className="css-1i99uin"
    type="button"
  >
    <svg
      className="css-1xuhvjx"
      viewBox="0 0 16 16"
    >
      <use
        xlinkHref="#ok"
      />
    </svg>
    Click me
  </button>,
  <button
    className="css-1w4c0o9"
    disabled={true}
    type="button"
  >
    <svg
      className="css-1xuhvjx"
      viewBox="0 0 16 16"
    >
      <use
        xlinkHref="#ok"
      />
    </svg>
    Click me
  </button>,
  <button
    className="css-v6zhl2"
    type="button"
  >
    <svg
      className="css-1xuhvjx"
      viewBox="0 0 16 16"
    >
      <use
        xlinkHref="#ok"
      />
    </svg>
    Click me
  </button>,
  <button
    className="css-1qtz2g0"
    disabled={true}
    type="button"
  >
    <svg
      className="css-1xuhvjx"
      viewBox="0 0 16 16"
    >
      <use
        xlinkHref="#ok"
      />
    </svg>
    Click me
  </button>,
  <button
    className="css-s1bqba"
    type="button"
  >
    <svg
      className="css-1xuhvjx"
      viewBox="0 0 16 16"
    >
      <use
        xlinkHref="#ok"
      />
    </svg>
    Click me
  </button>,
  <button
    className="css-1oy1gjo"
    disabled={true}
    type="button"
  >
    <svg
      className="css-1xuhvjx"
      viewBox="0 0 16 16"
    >
      <use
        xlinkHref="#ok"
      />
    </svg>
    Click me
  </button>,
  <button
    className="css-1ahf5jj"
    type="button"
  >
    <svg
      className="css-1xuhvjx"
      viewBox="0 0 16 16"
    >
      <use
        xlinkHref="#ok"
      />
    </svg>
    Click me
  </button>,
  <button
    className="css-rwlu4l"
    disabled={true}
    type="button"
  >
    <svg
      className="css-1xuhvjx"
      viewBox="0 0 16 16"
    >
      <use
        xlinkHref="#ok"
      />
    </svg>
    Click me
  </button>,
  <button
    className="css-f9xb5b"
    title="Click me right meow!"
    type="button"
  >
    <svg
      className="css-1xuhvjx"
      viewBox="0 0 16 16"
    >
      <use
        xlinkHref="#ok"
      />
    </svg>
    Click me
  </button>,
  <button
    className="css-1v7rkue"
    disabled={true}
    title="Click me right meow!"
    type="button"
  >
    <svg
      className="css-1xuhvjx"
      viewBox="0 0 16 16"
    >
      <use
        xlinkHref="#ok"
      />
    </svg>
    Click me
  </button>,
  <button
    className="css-4nsw0v"
    type="button"
  >
    <svg
      className="css-1xuhvjx"
      viewBox="0 0 16 16"
    >
      <use
        xlinkHref="#ok"
      />
    </svg>
    Click me
  </button>,
  <button
    className="css-fo5j7p"
    disabled={true}
    type="button"
  >
    <svg
      className="css-1xuhvjx"
      viewBox="0 0 16 16"
    >
      <use
        xlinkHref="#ok"
      />
    </svg>
    Click me
  </button>,
  <button
    className="css-1vl52mk"
    type="button"
  >
    <svg
      className="css-1xuhvjx"
      viewBox="0 0 16 16"
    >
      <use
        xlinkHref="#ok"
      />
    </svg>
    Click me
  </button>,
  <button
    className="css-ir6ppo"
    disabled={true}
    type="button"
  >
    <svg
      className="css-1xuhvjx"
      viewBox="0 0 16 16"
    >
      <use
        xlinkHref="#ok"
      />
    </svg>
    Click me
  </button>,
  <button
    className="css-1bcmh5n"
    type="button"
  >
    <svg
      className="css-1xuhvjx"
      viewBox="0 0 16 16"
    >
      <use
        xlinkHref="#ok"
      />
    </svg>
    Click me
  </button>,
  <button
    className="css-9ng3b7"
    disabled={true}
    type="button"
  >
    <svg
      className="css-1xuhvjx"
      viewBox="0 0 16 16"
    >
      <use
        xlinkHref="#ok"
      />
    </svg>
    Click me
  </button>,
  <button
    className="css-1qacii0"
    type="button"
  >
    <svg
      className="css-1xuhvjx"
      viewBox="0 0 16 16"
    >
      <use
        xlinkHref="#ok"
      />
    </svg>
    Click me
  </button>,
  <button
    className="css-k0uw9x"
    disabled={true}
    type="button"
  >
    <svg
      className="css-1xuhvjx"
      viewBox="0 0 16 16"
    >
      <use
        xlinkHref="#ok"
      />
    </svg>
    Click me
  </button>,
  <button
    className="css-ixus2c"
    title="Click me right meow!"
    type="button"
  >
    Click me
    <svg
      className="css-ya71j0"
      viewBox="0 0 16 16"
    >
      <use
        xlinkHref="#ok"
      />
    </svg>
  </button>,
  <button
    className="css-1x0je85"
    disabled={true}
    title="Click me right meow!"
    type="button"
  >
    Click me
    <svg
      className="css-ya71j0"
      viewBox="0 0 16 16"
    >
      <use
        xlinkHref="#ok"
      />
    </svg>
  </button>,
  <button
    className="css-1i99uin"
    type="button"
  >
    Click me
    <svg
      className="css-ya71j0"
      viewBox="0 0 16 16"
    >
      <use
        xlinkHref="#ok"
      />
    </svg>
  </button>,
  <button
    className="css-1w4c0o9"
    disabled={true}
    type="button"
  >
    Click me
    <svg
      className="css-ya71j0"
      viewBox="0 0 16 16"
    >
      <use
        xlinkHref="#ok"
      />
    </svg>
  </button>,
  <button
    className="css-v6zhl2"
    type="button"
  >
    Click me
    <svg
      className="css-ya71j0"
      viewBox="0 0 16 16"
    >
      <use
        xlinkHref="#ok"
      />
    </svg>
  </button>,
  <button
    className="css-1qtz2g0"
    disabled={true}
    type="button"
  >
    Click me
    <svg
      className="css-ya71j0"
      viewBox="0 0 16 16"
    >
      <use
        xlinkHref="#ok"
      />
    </svg>
  </button>,
  <button
    className="css-s1bqba"
    type="button"
  >
    Click me
    <svg
      className="css-ya71j0"
      viewBox="0 0 16 16"
    >
      <use
        xlinkHref="#ok"
      />
    </svg>
  </button>,
  <button
    className="css-1oy1gjo"
    disabled={true}
    type="button"
  >
    Click me
    <svg
      className="css-ya71j0"
      viewBox="0 0 16 16"
    >
      <use
        xlinkHref="#ok"
      />
    </svg>
  </button>,
  <button
    className="css-1ahf5jj"
    type="button"
  >
    Click me
    <svg
      className="css-ya71j0"
      viewBox="0 0 16 16"
    >
      <use
        xlinkHref="#ok"
      />
    </svg>
  </button>,
  <button
    className="css-rwlu4l"
    disabled={true}
    type="button"
  >
    Click me
    <svg
      className="css-ya71j0"
      viewBox="0 0 16 16"
    >
      <use
        xlinkHref="#ok"
      />
    </svg>
  </button>,
  <button
    className="css-f9xb5b"
    title="Click me right meow!"
    type="button"
  >
    Click me
    <svg
      className="css-ya71j0"
      viewBox="0 0 16 16"
    >
      <use
        xlinkHref="#ok"
      />
    </svg>
  </button>,
  <button
    className="css-1v7rkue"
    disabled={true}
    title="Click me right meow!"
    type="button"
  >
    Click me
    <svg
      className="css-ya71j0"
      viewBox="0 0 16 16"
    >
      <use
        xlinkHref="#ok"
      />
    </svg>
  </button>,
  <button
    className="css-4nsw0v"
    type="button"
  >
    Click me
    <svg
      className="css-ya71j0"
      viewBox="0 0 16 16"
    >
      <use
        xlinkHref="#ok"
      />
    </svg>
  </button>,
  <button
    className="css-fo5j7p"
    disabled={true}
    type="button"
  >
    Click me
    <svg
      className="css-ya71j0"
      viewBox="0 0 16 16"
    >
      <use
        xlinkHref="#ok"
      />
    </svg>
  </button>,
  <button
    className="css-1vl52mk"
    type="button"
  >
    Click me
    <svg
      className="css-ya71j0"
      viewBox="0 0 16 16"
    >
      <use
        xlinkHref="#ok"
      />
    </svg>
  </button>,
  <button
    className="css-ir6ppo"
    disabled={true}
    type="button"
  >
    Click me
    <svg
      className="css-ya71j0"
      viewBox="0 0 16 16"
    >
      <use
        xlinkHref="#ok"
      />
    </svg>
  </button>,
  <button
    className="css-1bcmh5n"
    type="button"
  >
    Click me
    <svg
      className="css-ya71j0"
      viewBox="0 0 16 16"
    >
      <use
        xlinkHref="#ok"
      />
    </svg>
  </button>,
  <button
    className="css-9ng3b7"
    disabled={true}
    type="button"
  >
    Click me
    <svg
      className="css-ya71j0"
      viewBox="0 0 16 16"
    >
      <use
        xlinkHref="#ok"
      />
    </svg>
  </button>,
  <button
    className="css-1qacii0"
    type="button"
  >
    Click me
    <svg
      className="css-ya71j0"
      viewBox="0 0 16 16"
    >
      <use
        xlinkHref="#ok"
      />
    </svg>
  </button>,
  <button
    className="css-k0uw9x"
    disabled={true}
    type="button"
  >
    Click me
    <svg
      className="css-ya71j0"
      viewBox="0 0 16 16"
    >
      <use
        xlinkHref="#ok"
      />
    </svg>
  </button>,
  <button
    className="css-ixus2c"
    title="Click me right meow!"
    type="button"
  >
    <svg
      className="css-1xuhvjx"
      viewBox="0 0 16 16"
    >
      <use
        xlinkHref="#ok"
      />
    </svg>
    Click me
    <svg
      className="css-ya71j0"
      viewBox="0 0 16 16"
    >
      <use
        xlinkHref="#ok"
      />
    </svg>
  </button>,
  <button
    className="css-1x0je85"
    disabled={true}
    title="Click me right meow!"
    type="button"
  >
    <svg
      className="css-1xuhvjx"
      viewBox="0 0 16 16"
    >
      <use
        xlinkHref="#ok"
      />
    </svg>
    Click me
    <svg
      className="css-ya71j0"
      viewBox="0 0 16 16"
    >
      <use
        xlinkHref="#ok"
      />
    </svg>
  </button>,
  <button
    className="css-1i99uin"
    type="button"
  >
    <svg
      className="css-1xuhvjx"
      viewBox="0 0 16 16"
    >
      <use
        xlinkHref="#ok"
      />
    </svg>
    Click me
    <svg
      className="css-ya71j0"
      viewBox="0 0 16 16"
    >
      <use
        xlinkHref="#ok"
      />
    </svg>
  </button>,
  <button
    className="css-1w4c0o9"
    disabled={true}
    type="button"
  >
    <svg
      className="css-1xuhvjx"
      viewBox="0 0 16 16"
    >
      <use
        xlinkHref="#ok"
      />
    </svg>
    Click me
    <svg
      className="css-ya71j0"
      viewBox="0 0 16 16"
    >
      <use
        xlinkHref="#ok"
      />
    </svg>
  </button>,
  <button
    className="css-v6zhl2"
    type="button"
  >
    <svg
      className="css-1xuhvjx"
      viewBox="0 0 16 16"
    >
      <use
        xlinkHref="#ok"
      />
    </svg>
    Click me
    <svg
      className="css-ya71j0"
      viewBox="0 0 16 16"
    >
      <use
        xlinkHref="#ok"
      />
    </svg>
  </button>,
  <button
    className="css-1qtz2g0"
    disabled={true}
    type="button"
  >
    <svg
      className="css-1xuhvjx"
      viewBox="0 0 16 16"
    >
      <use
        xlinkHref="#ok"
      />
    </svg>
    Click me
    <svg
      className="css-ya71j0"
      viewBox="0 0 16 16"
    >
      <use
        xlinkHref="#ok"
      />
    </svg>
  </button>,
  <button
    className="css-s1bqba"
    type="button"
  >
    <svg
      className="css-1xuhvjx"
      viewBox="0 0 16 16"
    >
      <use
        xlinkHref="#ok"
      />
    </svg>
    Click me
    <svg
      className="css-ya71j0"
      viewBox="0 0 16 16"
    >
      <use
        xlinkHref="#ok"
      />
    </svg>
  </button>,
  <button
    className="css-1oy1gjo"
    disabled={true}
    type="button"
  >
    <svg
      className="css-1xuhvjx"
      viewBox="0 0 16 16"
    >
      <use
        xlinkHref="#ok"
      />
    </svg>
    Click me
    <svg
      className="css-ya71j0"
      viewBox="0 0 16 16"
    >
      <use
        xlinkHref="#ok"
      />
    </svg>
  </button>,
  <button
    className="css-1ahf5jj"
    type="button"
  >
    <svg
      className="css-1xuhvjx"
      viewBox="0 0 16 16"
    >
      <use
        xlinkHref="#ok"
      />
    </svg>
    Click me
    <svg
      className="css-ya71j0"
      viewBox="0 0 16 16"
    >
      <use
        xlinkHref="#ok"
      />
    </svg>
  </button>,
  <button
    className="css-rwlu4l"
    disabled={true}
    type="button"
  >
    <svg
      className="css-1xuhvjx"
      viewBox="0 0 16 16"
    >
      <use
        xlinkHref="#ok"
      />
    </svg>
    Click me
    <svg
      className="css-ya71j0"
      viewBox="0 0 16 16"
    >
      <use
        xlinkHref="#ok"
      />
    </svg>
  </button>,
  <button
    className="css-f9xb5b"
    title="Click me right meow!"
    type="button"
  >
    <svg
      className="css-1xuhvjx"
      viewBox="0 0 16 16"
    >
      <use
        xlinkHref="#ok"
      />
    </svg>
    Click me
    <svg
      className="css-ya71j0"
      viewBox="0 0 16 16"
    >
      <use
        xlinkHref="#ok"
      />
    </svg>
  </button>,
  <button
    className="css-1v7rkue"
    disabled={true}
    title="Click me right meow!"
    type="button"
  >
    <svg
      className="css-1xuhvjx"
      viewBox="0 0 16 16"
    >
      <use
        xlinkHref="#ok"
      />
    </svg>
    Click me
    <svg
      className="css-ya71j0"
      viewBox="0 0 16 16"
    >
      <use
        xlinkHref="#ok"
      />
    </svg>
  </button>,
  <button
    className="css-4nsw0v"
    type="button"
  >
    <svg
      className="css-1xuhvjx"
      viewBox="0 0 16 16"
    >
      <use
        xlinkHref="#ok"
      />
    </svg>
    Click me
    <svg
      className="css-ya71j0"
      viewBox="0 0 16 16"
    >
      <use
        xlinkHref="#ok"
      />
    </svg>
  </button>,
  <button
    className="css-fo5j7p"
    disabled={true}
    type="button"
  >
    <svg
      className="css-1xuhvjx"
      viewBox="0 0 16 16"
    >
      <use
        xlinkHref="#ok"
      />
    </svg>
    Click me
    <svg
      className="css-ya71j0"
      viewBox="0 0 16 16"
    >
      <use
        xlinkHref="#ok"
      />
    </svg>
  </button>,
  <button
    className="css-1vl52mk"
    type="button"
  >
    <svg
      className="css-1xuhvjx"
      viewBox="0 0 16 16"
    >
      <use
        xlinkHref="#ok"
      />
    </svg>
    Click me
    <svg
      className="css-ya71j0"
      viewBox="0 0 16 16"
    >
      <use
        xlinkHref="#ok"
      />
    </svg>
  </button>,
  <button
    className="css-ir6ppo"
    disabled={true}
    type="button"
  >
    <svg
      className="css-1xuhvjx"
      viewBox="0 0 16 16"
    >
      <use
        xlinkHref="#ok"
      />
    </svg>
    Click me
    <svg
      className="css-ya71j0"
      viewBox="0 0 16 16"
    >
      <use
        xlinkHref="#ok"
      />
    </svg>
  </button>,
  <button
    className="css-1bcmh5n"
    type="button"
  >
    <svg
      className="css-1xuhvjx"
      viewBox="0 0 16 16"
    >
      <use
        xlinkHref="#ok"
      />
    </svg>
    Click me
    <svg
      className="css-ya71j0"
      viewBox="0 0 16 16"
    >
      <use
        xlinkHref="#ok"
      />
    </svg>
  </button>,
  <button
    className="css-9ng3b7"
    disabled={true}
    type="button"
  >
    <svg
      className="css-1xuhvjx"
      viewBox="0 0 16 16"
    >
      <use
        xlinkHref="#ok"
      />
    </svg>
    Click me
    <svg
      className="css-ya71j0"
      viewBox="0 0 16 16"
    >
      <use
        xlinkHref="#ok"
      />
    </svg>
  </button>,
  <button
    className="css-1qacii0"
    type="button"
  >
    <svg
      className="css-1xuhvjx"
      viewBox="0 0 16 16"
    >
      <use
        xlinkHref="#ok"
      />
    </svg>
    Click me
    <svg
      className="css-ya71j0"
      viewBox="0 0 16 16"
    >
      <use
        xlinkHref="#ok"
      />
    </svg>
  </button>,
  <button
    className="css-k0uw9x"
    disabled={true}
    type="button"
  >
    <svg
      className="css-1xuhvjx"
      viewBox="0 0 16 16"
    >
      <use
        xlinkHref="#ok"
      />
    </svg>
    Click me
    <svg
      className="css-ya71j0"
      viewBox="0 0 16 16"
    >
      <use
        xlinkHref="#ok"
      />
    </svg>
  </button>,
]
`;

exports[`Buttons with icons renders correctly loading state 1`] = `
Array [
  <button
    className="css-2nylnj"
    title="Click me right meow!"
    type="button"
  >
    <svg
      className="css-1xuhvjx"
      viewBox="0 0 16 16"
    >
      <use
        xlinkHref="#ok"
      />
    </svg>
    Click me
    <div
      className="css-9lvo7z"
    >
      <svg
        className="css-2ujzs2"
        viewBox="0 0 128 128"
      >
        <use
          xlinkHref="#icon-spinner"
        />
      </svg>
    </div>
  </button>,
  <button
    className="css-1x0je85"
    disabled={true}
    title="Click me right meow!"
    type="button"
  >
    <svg
      className="css-1xuhvjx"
      viewBox="0 0 16 16"
    >
      <use
        xlinkHref="#ok"
      />
    </svg>
    Click me
  </button>,
  <button
    className="css-t7ulri"
    type="button"
  >
    <svg
      className="css-1xuhvjx"
      viewBox="0 0 16 16"
    >
      <use
        xlinkHref="#ok"
      />
    </svg>
    Click me
    <div
      className="css-9lvo7z"
    >
      <svg
        className="css-2ujzs2"
        viewBox="0 0 128 128"
      >
        <use
          xlinkHref="#icon-spinner"
        />
      </svg>
    </div>
  </button>,
  <button
    className="css-1w4c0o9"
    disabled={true}
    type="button"
  >
    <svg
      className="css-1xuhvjx"
      viewBox="0 0 16 16"
    >
      <use
        xlinkHref="#ok"
      />
    </svg>
    Click me
  </button>,
  <button
    className="css-1bnlv13"
    type="button"
  >
    <svg
      className="css-1xuhvjx"
      viewBox="0 0 16 16"
    >
      <use
        xlinkHref="#ok"
      />
    </svg>
    Click me
    <div
      className="css-9lvo7z"
    >
      <svg
        className="css-2ujzs2"
        viewBox="0 0 128 128"
      >
        <use
          xlinkHref="#icon-spinner"
        />
      </svg>
    </div>
  </button>,
  <button
    className="css-1qtz2g0"
    disabled={true}
    type="button"
  >
    <svg
      className="css-1xuhvjx"
      viewBox="0 0 16 16"
    >
      <use
        xlinkHref="#ok"
      />
    </svg>
    Click me
  </button>,
  <button
    className="css-1odalmn"
    type="button"
  >
    <svg
      className="css-1xuhvjx"
      viewBox="0 0 16 16"
    >
      <use
        xlinkHref="#ok"
      />
    </svg>
    Click me
    <div
      className="css-9lvo7z"
    >
      <svg
        className="css-2ujzs2"
        viewBox="0 0 128 128"
      >
        <use
          xlinkHref="#icon-spinner"
        />
      </svg>
    </div>
  </button>,
  <button
    className="css-1oy1gjo"
    disabled={true}
    type="button"
  >
    <svg
      className="css-1xuhvjx"
      viewBox="0 0 16 16"
    >
      <use
        xlinkHref="#ok"
      />
    </svg>
    Click me
  </button>,
  <button
    className="css-608s0f"
    type="button"
  >
    <svg
      className="css-1xuhvjx"
      viewBox="0 0 16 16"
    >
      <use
        xlinkHref="#ok"
      />
    </svg>
    Click me
    <div
      className="css-9lvo7z"
    >
      <svg
        className="css-2ujzs2"
        viewBox="0 0 128 128"
      >
        <use
          xlinkHref="#icon-spinner"
        />
      </svg>
    </div>
  </button>,
  <button
    className="css-rwlu4l"
    disabled={true}
    type="button"
  >
    <svg
      className="css-1xuhvjx"
      viewBox="0 0 16 16"
    >
      <use
        xlinkHref="#ok"
      />
    </svg>
    Click me
  </button>,
  <button
    className="css-1p1xdcw"
    title="Click me right meow!"
    type="button"
  >
    <svg
      className="css-1xuhvjx"
      viewBox="0 0 16 16"
    >
      <use
        xlinkHref="#ok"
      />
    </svg>
    Click me
    <div
      className="css-9lvo7z"
    >
      <svg
        className="css-2ujzs2"
        viewBox="0 0 128 128"
      >
        <use
          xlinkHref="#icon-spinner"
        />
      </svg>
    </div>
  </button>,
  <button
    className="css-1v7rkue"
    disabled={true}
    title="Click me right meow!"
    type="button"
  >
    <svg
      className="css-1xuhvjx"
      viewBox="0 0 16 16"
    >
      <use
        xlinkHref="#ok"
      />
    </svg>
    Click me
  </button>,
  <button
    className="css-1gy0vh"
    type="button"
  >
    <svg
      className="css-1xuhvjx"
      viewBox="0 0 16 16"
    >
      <use
        xlinkHref="#ok"
      />
    </svg>
    Click me
    <div
      className="css-9lvo7z"
    >
      <svg
        className="css-2ujzs2"
        viewBox="0 0 128 128"
      >
        <use
          xlinkHref="#icon-spinner"
        />
      </svg>
    </div>
  </button>,
  <button
    className="css-fo5j7p"
    disabled={true}
    type="button"
  >
    <svg
      className="css-1xuhvjx"
      viewBox="0 0 16 16"
    >
      <use
        xlinkHref="#ok"
      />
    </svg>
    Click me
  </button>,
  <button
    className="css-vvswjh"
    type="button"
  >
    <svg
      className="css-1xuhvjx"
      viewBox="0 0 16 16"
    >
      <use
        xlinkHref="#ok"
      />
    </svg>
    Click me
    <div
      className="css-9lvo7z"
    >
      <svg
        className="css-2ujzs2"
        viewBox="0 0 128 128"
      >
        <use
          xlinkHref="#icon-spinner"
        />
      </svg>
    </div>
  </button>,
  <button
    className="css-ir6ppo"
    disabled={true}
    type="button"
  >
    <svg
      className="css-1xuhvjx"
      viewBox="0 0 16 16"
    >
      <use
        xlinkHref="#ok"
      />
    </svg>
    Click me
  </button>,
  <button
    className="css-1l0xt78"
    type="button"
  >
    <svg
      className="css-1xuhvjx"
      viewBox="0 0 16 16"
    >
      <use
        xlinkHref="#ok"
      />
    </svg>
    Click me
    <div
      className="css-9lvo7z"
    >
      <svg
        className="css-2ujzs2"
        viewBox="0 0 128 128"
      >
        <use
          xlinkHref="#icon-spinner"
        />
      </svg>
    </div>
  </button>,
  <button
    className="css-9ng3b7"
    disabled={true}
    type="button"
  >
    <svg
      className="css-1xuhvjx"
      viewBox="0 0 16 16"
    >
      <use
        xlinkHref="#ok"
      />
    </svg>
    Click me
  </button>,
  <button
    className="css-1k9rdgb"
    type="button"
  >
    <svg
      className="css-1xuhvjx"
      viewBox="0 0 16 16"
    >
      <use
        xlinkHref="#ok"
      />
    </svg>
    Click me
    <div
      className="css-9lvo7z"
    >
      <svg
        className="css-2ujzs2"
        viewBox="0 0 128 128"
      >
        <use
          xlinkHref="#icon-spinner"
        />
      </svg>
    </div>
  </button>,
  <button
    className="css-k0uw9x"
    disabled={true}
    type="button"
  >
    <svg
      className="css-1xuhvjx"
      viewBox="0 0 16 16"
    >
      <use
        xlinkHref="#ok"
      />
    </svg>
    Click me
  </button>,
]
`;

exports[`Simple buttons renders correctly idle state 1`] = `
Array [
  <button
    className="css-ixus2c"
    title="Click me right meow!"
    type="button"
  >
    Click me
  </button>,
  <button
    className="css-1x0je85"
    disabled={true}
    title="Click me right meow!"
    type="button"
  >
    Click me
  </button>,
  <button
    className="css-1i99uin"
    type="button"
  >
    Click me
  </button>,
  <button
    className="css-1w4c0o9"
    disabled={true}
    type="button"
  >
    Click me
  </button>,
  <button
    className="css-v6zhl2"
    type="button"
  >
    Click me
  </button>,
  <button
    className="css-1qtz2g0"
    disabled={true}
    type="button"
  >
    Click me
  </button>,
  <button
    className="css-s1bqba"
    type="button"
  >
    Click me
  </button>,
  <button
    className="css-1oy1gjo"
    disabled={true}
    type="button"
  >
    Click me
  </button>,
  <button
    className="css-1ahf5jj"
    type="button"
  >
    Click me
  </button>,
  <button
    className="css-rwlu4l"
    disabled={true}
    type="button"
  >
    Click me
  </button>,
  <button
    className="css-f9xb5b"
    title="Click me right meow!"
    type="button"
  >
    Click me
  </button>,
  <button
    className="css-1v7rkue"
    disabled={true}
    title="Click me right meow!"
    type="button"
  >
    Click me
  </button>,
  <button
    className="css-4nsw0v"
    type="button"
  >
    Click me
  </button>,
  <button
    className="css-fo5j7p"
    disabled={true}
    type="button"
  >
    Click me
  </button>,
  <button
    className="css-1vl52mk"
    type="button"
  >
    Click me
  </button>,
  <button
    className="css-ir6ppo"
    disabled={true}
    type="button"
  >
    Click me
  </button>,
  <button
    className="css-1bcmh5n"
    type="button"
  >
    Click me
  </button>,
  <button
    className="css-9ng3b7"
    disabled={true}
    type="button"
  >
    Click me
  </button>,
  <button
    className="css-1qacii0"
    type="button"
  >
    Click me
  </button>,
  <button
    className="css-k0uw9x"
    disabled={true}
    type="button"
  >
    Click me
  </button>,
  <button
    className="css-uluxjh"
    title="Click me right meow!"
    type="button"
  >
    Click me
  </button>,
  <button
    className="css-1l9lbm"
    disabled={true}
    title="Click me right meow!"
    type="button"
  >
    Click me
  </button>,
  <button
    className="css-jw6g3a"
    type="button"
  >
    Click me
  </button>,
  <button
    className="css-w3th30"
    disabled={true}
    type="button"
  >
    Click me
  </button>,
  <button
    className="css-107cgtp"
    type="button"
  >
    Click me
  </button>,
  <button
    className="css-19psoq1"
    disabled={true}
    type="button"
  >
    Click me
  </button>,
  <button
    className="css-l7iv5a"
    type="button"
  >
    Click me
  </button>,
  <button
    className="css-1f7x106"
    disabled={true}
    type="button"
  >
    Click me
  </button>,
  <button
    className="css-1z0qmdo"
    type="button"
  >
    Click me
  </button>,
  <button
    className="css-tsbmwh"
    disabled={true}
    type="button"
  >
    Click me
  </button>,
]
`;

exports[`Simple buttons renders correctly loading state 1`] = `
Array [
  <button
    className="css-2nylnj"
    title="Click me right meow!"
    type="button"
  >
    Click me
    <div
      className="css-9lvo7z"
    >
      <svg
        className="css-2ujzs2"
        viewBox="0 0 128 128"
      >
        <use
          xlinkHref="#icon-spinner"
        />
      </svg>
    </div>
  </button>,
  <button
    className="css-1x0je85"
    disabled={true}
    title="Click me right meow!"
    type="button"
  >
    Click me
  </button>,
  <button
    className="css-t7ulri"
    type="button"
  >
    Click me
    <div
      className="css-9lvo7z"
    >
      <svg
        className="css-2ujzs2"
        viewBox="0 0 128 128"
      >
        <use
          xlinkHref="#icon-spinner"
        />
      </svg>
    </div>
  </button>,
  <button
    className="css-1w4c0o9"
    disabled={true}
    type="button"
  >
    Click me
  </button>,
  <button
    className="css-1bnlv13"
    type="button"
  >
    Click me
    <div
      className="css-9lvo7z"
    >
      <svg
        className="css-2ujzs2"
        viewBox="0 0 128 128"
      >
        <use
          xlinkHref="#icon-spinner"
        />
      </svg>
    </div>
  </button>,
  <button
    className="css-1qtz2g0"
    disabled={true}
    type="button"
  >
    Click me
  </button>,
  <button
    className="css-1odalmn"
    type="button"
  >
    Click me
    <div
      className="css-9lvo7z"
    >
      <svg
        className="css-2ujzs2"
        viewBox="0 0 128 128"
      >
        <use
          xlinkHref="#icon-spinner"
        />
      </svg>
    </div>
  </button>,
  <button
    className="css-1oy1gjo"
    disabled={true}
    type="button"
  >
    Click me
  </button>,
  <button
    className="css-608s0f"
    type="button"
  >
    Click me
    <div
      className="css-9lvo7z"
    >
      <svg
        className="css-2ujzs2"
        viewBox="0 0 128 128"
      >
        <use
          xlinkHref="#icon-spinner"
        />
      </svg>
    </div>
  </button>,
  <button
    className="css-rwlu4l"
    disabled={true}
    type="button"
  >
    Click me
  </button>,
  <button
    className="css-1p1xdcw"
    title="Click me right meow!"
    type="button"
  >
    Click me
    <div
      className="css-9lvo7z"
    >
      <svg
        className="css-2ujzs2"
        viewBox="0 0 128 128"
      >
        <use
          xlinkHref="#icon-spinner"
        />
      </svg>
    </div>
  </button>,
  <button
    className="css-1v7rkue"
    disabled={true}
    title="Click me right meow!"
    type="button"
  >
    Click me
  </button>,
  <button
    className="css-1gy0vh"
    type="button"
  >
    Click me
    <div
      className="css-9lvo7z"
    >
      <svg
        className="css-2ujzs2"
        viewBox="0 0 128 128"
      >
        <use
          xlinkHref="#icon-spinner"
        />
      </svg>
    </div>
  </button>,
  <button
    className="css-fo5j7p"
    disabled={true}
    type="button"
  >
    Click me
  </button>,
  <button
    className="css-vvswjh"
    type="button"
  >
    Click me
    <div
      className="css-9lvo7z"
    >
      <svg
        className="css-2ujzs2"
        viewBox="0 0 128 128"
      >
        <use
          xlinkHref="#icon-spinner"
        />
      </svg>
    </div>
  </button>,
  <button
    className="css-ir6ppo"
    disabled={true}
    type="button"
  >
    Click me
  </button>,
  <button
    className="css-1l0xt78"
    type="button"
  >
    Click me
    <div
      className="css-9lvo7z"
    >
      <svg
        className="css-2ujzs2"
        viewBox="0 0 128 128"
      >
        <use
          xlinkHref="#icon-spinner"
        />
      </svg>
    </div>
  </button>,
  <button
    className="css-9ng3b7"
    disabled={true}
    type="button"
  >
    Click me
  </button>,
  <button
    className="css-1k9rdgb"
    type="button"
  >
    Click me
    <div
      className="css-9lvo7z"
    >
      <svg
        className="css-2ujzs2"
        viewBox="0 0 128 128"
      >
        <use
          xlinkHref="#icon-spinner"
        />
      </svg>
    </div>
  </button>,
  <button
    className="css-k0uw9x"
    disabled={true}
    type="button"
  >
    Click me
  </button>,
  <button
    className="css-qcz9gv"
    title="Click me right meow!"
    type="button"
  >
    Click me
    <div
      className="css-9lvo7z"
    >
      <svg
        className="css-2ujzs2"
        viewBox="0 0 128 128"
      >
        <use
          xlinkHref="#icon-spinner"
        />
      </svg>
    </div>
  </button>,
  <button
    className="css-1l9lbm"
    disabled={true}
    title="Click me right meow!"
    type="button"
  >
    Click me
  </button>,
  <button
    className="css-1kf1evx"
    type="button"
  >
    Click me
    <div
      className="css-9lvo7z"
    >
      <svg
        className="css-2ujzs2"
        viewBox="0 0 128 128"
      >
        <use
          xlinkHref="#icon-spinner"
        />
      </svg>
    </div>
  </button>,
  <button
    className="css-w3th30"
    disabled={true}
    type="button"
  >
    Click me
  </button>,
  <button
    className="css-xa6t4s"
    type="button"
  >
    Click me
    <div
      className="css-9lvo7z"
    >
      <svg
        className="css-2ujzs2"
        viewBox="0 0 128 128"
      >
        <use
          xlinkHref="#icon-spinner"
        />
      </svg>
    </div>
  </button>,
  <button
    className="css-19psoq1"
    disabled={true}
    type="button"
  >
    Click me
  </button>,
  <button
    className="css-10askm5"
    type="button"
  >
    Click me
    <div
      className="css-9lvo7z"
    >
      <svg
        className="css-2ujzs2"
        viewBox="0 0 128 128"
      >
        <use
          xlinkHref="#icon-spinner"
        />
      </svg>
    </div>
  </button>,
  <button
    className="css-1f7x106"
    disabled={true}
    type="button"
  >
    Click me
  </button>,
  <button
    className="css-1ceae6g"
    type="button"
  >
    Click me
    <div
      className="css-9lvo7z"
    >
      <svg
        className="css-2ujzs2"
        viewBox="0 0 128 128"
      >
        <use
          xlinkHref="#icon-spinner"
        />
      </svg>
    </div>
  </button>,
  <button
    className="css-tsbmwh"
    disabled={true}
    type="button"
  >
    Click me
  </button>,
]
`;
