// Jest Snapshot v1, https://goo.gl/fbAQLP

exports[`Tabbed renders correctly 1`] = `
<div
  className="css-1g4yje1"
>
  <div
    className="css-1cfjzc4"
  >
    <button
      className="css-ciblrv"
      onClick={[Function]}
    >
      Create Replica Set
    </button>
    <button
      className="css-qxml5d"
      onClick={[Function]}
    >
      Another tab
    </button>
    <button
      className="css-qxml5d"
      onClick={[Function]}
    >
      Third tab
    </button>
  </div>
  Tab content
</div>
`;
