// Jest Snapshot v1, https://goo.gl/fbAQLP

exports[`LeaderFlag renders correctly 1`] = `
Array [
  .emotion-0 {
  position: relative;
  width: 14px;
  height: 17px;
  overflow: hidden;
  -webkit-transition: height 0.3s ease-in-out;
  transition: height 0.3s ease-in-out;
}

.emotion-0:hover {
  height: 59px;
}

.emotion-1 {
  width: 14px;
  height: 59px;
  position: absolute;
  left: 0;
  bottom: 0;
  fill: #b5ec8e;
}

<div
    className="emotion-0"
    title="Good"
  >
    <svg
      className="emotion-1"
      viewBox="0 0 14 59"
    >
      <use
        xlinkHref="#flag"
      />
    </svg>
  </div>,
  .emotion-0 {
  position: relative;
  width: 14px;
  height: 17px;
  overflow: hidden;
  -webkit-transition: height 0.3s ease-in-out;
  transition: height 0.3s ease-in-out;
}

.emotion-0:hover {
  height: 59px;
}

.emotion-1 {
  width: 14px;
  height: 59px;
  position: absolute;
  left: 0;
  bottom: 0;
  fill: #ff272c;
}

<div
    className="emotion-0"
    title="Bad"
  >
    <svg
      className="emotion-1"
      viewBox="0 0 14 59"
    >
      <use
        xlinkHref="#flag-light"
      />
    </svg>
  </div>,
  .emotion-0 {
  position: relative;
  width: 14px;
  height: 17px;
  overflow: hidden;
  -webkit-transition: height 0.3s ease-in-out;
  transition: height 0.3s ease-in-out;
}

.emotion-0:hover {
  height: 59px;
}

.emotion-1 {
  width: 14px;
  height: 59px;
  position: absolute;
  left: 0;
  bottom: 0;
  fill: #faad14;
}

<div
    className="emotion-0"
    title="Bad"
  >
    <svg
      className="emotion-1"
      viewBox="0 0 14 59"
    >
      <use
        xlinkHref="#flag"
      />
    </svg>
  </div>,
]
`;
