// Jest Snapshot v1, https://goo.gl/fbAQLP

exports[`LeaderFlag renders correctly 1`] = `
Array [
  <div
    className="css-3u7751"
    title="Good"
  >
    <svg
      className="css-blr2m9"
      viewBox="0 0 14 59"
    >
      <use
        xlinkHref="#flag"
      />
    </svg>
  </div>,
  <div
    className="css-3u7751"
    title="Bad"
  >
    <svg
      className="css-q4okq3"
      viewBox="0 0 14 59"
    >
      <use
        xlinkHref="#flag-light"
      />
    </svg>
  </div>,
  <div
    className="css-3u7751"
    title="Bad"
  >
    <svg
      className="css-1ht3gc2"
      viewBox="0 0 14 59"
    >
      <use
        xlinkHref="#flag"
      />
    </svg>
  </div>,
]
`;
