// Jest Snapshot v1, https://goo.gl/fbAQLP

exports[`Switcher renders correctly 1`] = `
Array [
  <label
    className="css-s5xdrg"
    title="Initial"
  >
    <input
      checked={true}
      className="css-8j4tix"
      name="switcherChecked"
      onChange={[Function]}
      type="checkbox"
    />
    <div
      className="css-6l8wcs"
    />
    <span
      className="css-1ybmbi2"
    >
      Checked
    </span>
  </label>,
  <label
    className="css-s5xdrg"
  >
    <input
      className="css-8j4tix"
      name="switcher"
      onChange={[Function]}
      type="checkbox"
    />
    <div
      className="css-znp835"
    />
    <span
      className="css-1ybmbi2"
    >
      Initial
    </span>
  </label>,
  <label
    className="css-s5xdrg"
  >
    <input
      checked={true}
      className="css-8j4tix"
      disabled={true}
      name="switcherCheckedDisabled"
      onChange={[Function]}
      type="checkbox"
    />
    <div
      className="css-1tnggdq"
    />
    <span
      className="css-1ybmbi2"
    >
      Checked disabled
    </span>
  </label>,
  <label
    className="css-s5xdrg"
  >
    <input
      className="css-8j4tix"
      disabled={true}
      name="switcherDisabled"
      onChange={[Function]}
      type="checkbox"
    />
    <div
      className="css-pc19o9"
    />
    <span
      className="css-1ybmbi2"
    >
      Disabled
    </span>
  </label>,
]
`;
