// Jest Snapshot v1, https://goo.gl/fbAQLP

exports[`DraggableTable renders correctly 1`] = `
<table
  className="css-f6vch3"
>
  <thead>
    <tr
      className="css-lfnnak"
    >
      <th
        className="css-xhhvmu"
      />
      <th
        className="css-xhhvmu"
      />
      <th
        className="css-1wp8e0i"
      >
        Field
      </th>
      <th
        className="css-1wp8e0i"
      >
        Type
      </th>
      <th
        className="css-vu56aw"
      >
        №
      </th>
    </tr>
  </thead>
  <tbody
    className=""
  >
    <tr
      className="css-1t21cuk"
    >
      <td
        className="css-xhhvmu"
      >
        <svg
          className="css-1f5lesb"
          viewBox="0 0 16 16"
        >
          <use
            xlinkHref="#burger"
          />
        </svg>
      </td>
      <td
        className="css-xhhvmu"
      >
        <label
          className="css-1uoamx5 meta__checkbox_class"
        >
          <input
            checked={1}
            className="css-ojip76"
            disabled={false}
            onChange={[Function]}
            type="checkbox"
          />
          <div
            className="css-bjn8wh"
          >
            <svg
              className="css-vbxk2i"
              viewBox="0 0 16 16"
            >
              <use
                xlinkHref="#checkbox-checked"
              />
            </svg>
          </div>
        </label>
      </td>
      <td
        className="css-1wly7y"
      >
        field 1
      </td>
      <td
        className="css-1wly7y"
      >
        type 1
      </td>
      <td
        className="css-1kq5izs"
      >
        1
      </td>
    </tr>
    <tr
      className="css-1t21cuk"
    >
      <td
        className="css-xhhvmu"
      >
        <svg
          className="css-1f5lesb"
          viewBox="0 0 16 16"
        >
          <use
            xlinkHref="#burger"
          />
        </svg>
      </td>
      <td
        className="css-xhhvmu"
      >
        <label
          className="css-1uoamx5 meta__checkbox_class"
        >
          <input
            checked={1}
            className="css-ojip76"
            disabled={false}
            onChange={[Function]}
            type="checkbox"
          />
          <div
            className="css-bjn8wh"
          >
            <svg
              className="css-vbxk2i"
              viewBox="0 0 16 16"
            >
              <use
                xlinkHref="#checkbox-checked"
              />
            </svg>
          </div>
        </label>
      </td>
      <td
        className="css-1wly7y"
      >
        field 3
      </td>
      <td
        className="css-1wly7y"
      >
        type 3
      </td>
      <td
        className="css-1kq5izs"
      >
        2
      </td>
    </tr>
    <tr
      className="css-1t21cuk"
    >
      <td
        className="css-xhhvmu"
      >
        <svg
          className="css-1f5lesb"
          viewBox="0 0 16 16"
        >
          <use
            xlinkHref="#burger"
          />
        </svg>
      </td>
      <td
        className="css-xhhvmu"
      >
        <label
          className="css-1uoamx5 meta__checkbox_class"
        >
          <input
            checked={1}
            className="css-ojip76"
            disabled={false}
            onChange={[Function]}
            type="checkbox"
          />
          <div
            className="css-bjn8wh"
          >
            <svg
              className="css-vbxk2i"
              viewBox="0 0 16 16"
            >
              <use
                xlinkHref="#checkbox-checked"
              />
            </svg>
          </div>
        </label>
      </td>
      <td
        className="css-1wly7y"
      >
        field 5
      </td>
      <td
        className="css-1wly7y"
      >
        type 5
      </td>
      <td
        className="css-1kq5izs"
      >
        3
      </td>
    </tr>
    <tr
      className="css-1t21cuk"
    >
      <td
        className="css-xhhvmu"
      >
        <svg
          className="css-1f5lesb"
          viewBox="0 0 16 16"
        >
          <use
            xlinkHref="#burger"
          />
        </svg>
      </td>
      <td
        className="css-xhhvmu"
      >
        <label
          className="css-1uoamx5 meta__checkbox_class"
        >
          <input
            checked={1}
            className="css-ojip76"
            disabled={false}
            onChange={[Function]}
            type="checkbox"
          />
          <div
            className="css-bjn8wh"
          >
            <svg
              className="css-vbxk2i"
              viewBox="0 0 16 16"
            >
              <use
                xlinkHref="#checkbox-checked"
              />
            </svg>
          </div>
        </label>
      </td>
      <td
        className="css-1wly7y"
      >
        field 7
      </td>
      <td
        className="css-1wly7y"
      >
        type 7
      </td>
      <td
        className="css-1kq5izs"
      >
        4
      </td>
    </tr>
    <tr
      className="css-1t21cuk"
    >
      <td
        className="css-xhhvmu"
      >
        <svg
          className="css-1f5lesb"
          viewBox="0 0 16 16"
        >
          <use
            xlinkHref="#burger"
          />
        </svg>
      </td>
      <td
        className="css-xhhvmu"
      >
        <label
          className="css-1uoamx5 meta__checkbox_class"
        >
          <input
            checked={1}
            className="css-ojip76"
            disabled={false}
            onChange={[Function]}
            type="checkbox"
          />
          <div
            className="css-bjn8wh"
          >
            <svg
              className="css-vbxk2i"
              viewBox="0 0 16 16"
            >
              <use
                xlinkHref="#checkbox-checked"
              />
            </svg>
          </div>
        </label>
      </td>
      <td
        className="css-1wly7y"
      >
        field 9
      </td>
      <td
        className="css-1wly7y"
      >
        type 9
      </td>
      <td
        className="css-1kq5izs"
      >
        5
      </td>
    </tr>
    <tr
      className="css-lfnnak"
    >
      <td
        className="css-xhhvmu"
      />
      <td
        className="css-xhhvmu"
      >
        <label
          className="css-1uoamx5 meta__checkbox_class"
        >
          <input
            checked={0}
            className="css-ojip76"
            disabled={false}
            onChange={[Function]}
            type="checkbox"
          />
          <div
            className="css-bjn8wh"
          >
            <svg
              className="css-vbxk2i"
              viewBox="0 0 16 16"
            >
              <use
                xlinkHref="#checkbox"
              />
            </svg>
          </div>
        </label>
      </td>
      <td
        className="css-1wly7y"
      >
        field 0
      </td>
      <td
        className="css-1wly7y"
      >
        type 0
      </td>
      <td
        className="css-1kq5izs"
      />
    </tr>
    <tr
      className="css-lfnnak"
    >
      <td
        className="css-xhhvmu"
      />
      <td
        className="css-xhhvmu"
      >
        <label
          className="css-1uoamx5 meta__checkbox_class"
        >
          <input
            checked={0}
            className="css-ojip76"
            disabled={false}
            onChange={[Function]}
            type="checkbox"
          />
          <div
            className="css-bjn8wh"
          >
            <svg
              className="css-vbxk2i"
              viewBox="0 0 16 16"
            >
              <use
                xlinkHref="#checkbox"
              />
            </svg>
          </div>
        </label>
      </td>
      <td
        className="css-1wly7y"
      >
        field 2
      </td>
      <td
        className="css-1wly7y"
      >
        type 2
      </td>
      <td
        className="css-1kq5izs"
      />
    </tr>
    <tr
      className="css-lfnnak"
    >
      <td
        className="css-xhhvmu"
      />
      <td
        className="css-xhhvmu"
      >
        <label
          className="css-1uoamx5 meta__checkbox_class"
        >
          <input
            checked={0}
            className="css-ojip76"
            disabled={false}
            onChange={[Function]}
            type="checkbox"
          />
          <div
            className="css-bjn8wh"
          >
            <svg
              className="css-vbxk2i"
              viewBox="0 0 16 16"
            >
              <use
                xlinkHref="#checkbox"
              />
            </svg>
          </div>
        </label>
      </td>
      <td
        className="css-1wly7y"
      >
        field 4
      </td>
      <td
        className="css-1wly7y"
      >
        type 4
      </td>
      <td
        className="css-1kq5izs"
      />
    </tr>
    <tr
      className="css-lfnnak"
    >
      <td
        className="css-xhhvmu"
      />
      <td
        className="css-xhhvmu"
      >
        <label
          className="css-1uoamx5 meta__checkbox_class"
        >
          <input
            checked={0}
            className="css-ojip76"
            disabled={false}
            onChange={[Function]}
            type="checkbox"
          />
          <div
            className="css-bjn8wh"
          >
            <svg
              className="css-vbxk2i"
              viewBox="0 0 16 16"
            >
              <use
                xlinkHref="#checkbox"
              />
            </svg>
          </div>
        </label>
      </td>
      <td
        className="css-1wly7y"
      >
        field 6
      </td>
      <td
        className="css-1wly7y"
      >
        type 6
      </td>
      <td
        className="css-1kq5izs"
      />
    </tr>
    <tr
      className="css-lfnnak"
    >
      <td
        className="css-xhhvmu"
      />
      <td
        className="css-xhhvmu"
      >
        <label
          className="css-1uoamx5 meta__checkbox_class"
        >
          <input
            checked={0}
            className="css-ojip76"
            disabled={false}
            onChange={[Function]}
            type="checkbox"
          />
          <div
            className="css-bjn8wh"
          >
            <svg
              className="css-vbxk2i"
              viewBox="0 0 16 16"
            >
              <use
                xlinkHref="#checkbox"
              />
            </svg>
          </div>
        </label>
      </td>
      <td
        className="css-1wly7y"
      >
        field 8
      </td>
      <td
        className="css-1wly7y"
      >
        type 8
      </td>
      <td
        className="css-1kq5izs"
      />
    </tr>
  </tbody>
</table>
`;
