// Jest Snapshot v1, https://goo.gl/fbAQLP

exports[`LabeledInput renders correctly 1`] = `
Array [
  <div
    className="css-1r2f04i"
  >
    <div
      className="css-1v2kmxl"
    >
      <label
        className="css-dpor9z"
        for="1"
      >
        Label
      </label>
      <div
        className="css-vj79ep"
        onBlur={[Function]}
        onFocus={[Function]}
        onMouseEnter={[Function]}
        onMouseLeave={[Function]}
        onScroll={[Function]}
        placement="top"
      >
        <svg
          className="css-1fn93nz"
          viewBox="0 0 16 16"
        >
          <use
            xlinkHref="#info"
          />
        </svg>
      </div>
    </div>
    <div
      className="css-kha4rs"
      title="Input"
    >
      <input
        className="css-17erkce"
        id="1"
        onBlur={[Function]}
        onChange={[Function]}
        onFocus={[Function]}
        placeholder="Placeholder"
        value="qwertyuiop"
      />
    </div>
    <p
      className="css-1ddecx1"
    >
      Field is required
    </p>
  </div>,
  <div
    className="css-1r2f04i"
  >
    <div
      className="css-1v2kmxl"
    >
      <label
        className="css-dpor9z"
        for="2"
      >
        Label
      </label>
      <span
        className="css-1dhlryp"
      >
        Sub title
      </span>
    </div>
    <div
      className="css-u5wcni"
      title="Input"
    >
      <input
        className="css-16fuuzx"
        id="2"
        onBlur={[Function]}
        onChange={[Function]}
        onFocus={[Function]}
        placeholder="Placeholder"
        type="password"
        value="qwertyuiop"
      />
      <div
        className="css-qidtvj"
      >
        <button
          className="css-gl759r"
          onClick={[Function]}
          type="button"
        >
          <svg
            className="css-197j0b9"
            viewBox="0 0 16 16"
          >
            <use
              xlinkHref="#icon-eye-opened"
            />
          </svg>
        </button>
      </div>
    </div>
    <p
      className="css-5ut22t"
    />
  </div>,
  <div
    className="css-1r2f04i"
  >
    <div
      className="css-1v2kmxl"
    >
      <label
        className="css-dpor9z"
        for="3"
      >
        Label
      </label>
      <span
        className="css-1dhlryp"
      >
        Sub title
      </span>
    </div>
    <div
      className="css-u5wcni"
      title="Input"
    >
      <input
        className="css-17erkce"
        id="3"
        onBlur={[Function]}
        onChange={[Function]}
        onFocus={[Function]}
        placeholder="Placeholder"
        value="qwertyuiop"
      />
    </div>
    <p
      className="css-5ut22t"
    >
      Field is required
    </p>
  </div>,
  <div
    className="css-1r2f04i"
  >
    <div
      className="css-1v2kmxl"
    >
      <label
        className="css-dpor9z"
        for="4"
      >
        Multiline labeled input
      </label>
      <span
        className="css-1dhlryp"
      >
        Sub title
      </span>
    </div>
    <div
      className="css-15clmjk"
      title="Input"
    >
      <textarea
        className="css-172ew6"
        id="4"
        onBlur={[Function]}
        onChange={[Function]}
        onFocus={[Function]}
        placeholder="Placeholder"
        rows={4}
        value="qwertyuiop"
      />
    </div>
    <p
      className="css-5ut22t"
    >
      Field is required
    </p>
  </div>,
]
`;
