// Jest Snapshot v1, https://goo.gl/fbAQLP

exports[`IconHelperSortable renders correctly 1`] = `
Array [
  .emotion-0 {
  width: 16px;
  height: 16px;
  -webkit-flex-shrink: 0;
  -ms-flex-negative: 0;
  flex-shrink: 0;
  vertical-align: middle;
  width: 14px;
  height: 14px;
  width: 16px;
  height: 16px;
  fill: #5c606c;
  -webkit-transform: rotateX(180deg);
  -moz-transform: rotateX(180deg);
  -ms-transform: rotateX(180deg);
  transform: rotateX(180deg);
}

<svg
    className="emotion-0"
    viewBox="0 0 16 16"
  >
    <use
      xlinkHref="#icon-sort-desc"
    />
  </svg>,
  .emotion-0 {
  width: 16px;
  height: 16px;
  -webkit-flex-shrink: 0;
  -ms-flex-negative: 0;
  flex-shrink: 0;
  vertical-align: middle;
  width: 14px;
  height: 14px;
  width: 16px;
  height: 16px;
  fill: #5c606c;
}

<svg
    className="emotion-0"
    viewBox="0 0 16 16"
  >
    <use
      xlinkHref="#icon-sort-desc"
    />
  </svg>,
  .emotion-0 {
  width: 16px;
  height: 16px;
  -webkit-flex-shrink: 0;
  -ms-flex-negative: 0;
  flex-shrink: 0;
  vertical-align: middle;
  width: 14px;
  height: 14px;
  width: 16px;
  height: 16px;
  fill: #5c606c;
  -webkit-transform: rotateX(180deg);
  -moz-transform: rotateX(180deg);
  -ms-transform: rotateX(180deg);
  transform: rotateX(180deg);
  fill: #e6e7e8!important;
}

<svg
    className="emotion-0"
    viewBox="0 0 16 16"
  >
    <use
      xlinkHref="#icon-sort-desc"
    />
  </svg>,
]
`;
