// Jest Snapshot v1, https://goo.gl/fbAQLP

exports[`BaseModal renders closed 1`] = `null`;

exports[`BaseModal renders opened 1`] = `
<div
  className="css-18615gn"
  onMouseDown={[Function]}
>
  <div
    className="css-1vj4vbw"
    onKeyDown={[Function]}
    tabIndex={0}
  >
    Modal content
    <div
      className="css-alng9s"
      onFocus={[Function]}
      tabIndex="0"
    />
  </div>
</div>
`;
