// Jest Snapshot v1, https://goo.gl/fbAQLP

exports[`Link renders correctly 1`] = `
Array [
  <span
    className="css-1ggp6x0"
  >
    Are you 
    <a
      className="css-k47rv5"
      href="/"
    >
      here
    </a>
    ?
  </span>,
  <a
    className="css-16g2h8v"
    href="/"
  >
    Go there
  </a>,
  <a
    className="css-s19i51"
    href="/"
  >
    Go there
  </a>,
]
`;
