// Jest Snapshot v1, https://goo.gl/fbAQLP

exports[`Table renders empty 1`] = `
Array [
  <div
    className="css-79elbk"
  >
    <div
      className="css-907xkp"
    >
      <table
        className="css-1c1gq12"
        role="table"
      >
        <tbody
          className="css-14r34si"
          role="rowgroup"
        >
          <tr>
            <td
              colSpan={6}
            >
              <div
                className="css-1unytjj"
              >
                <svg
                  className="css-zlqbmm"
                  viewBox="0 0 64 41"
                >
                  <use
                    xlinkHref="#empty-box-no-data"
                  />
                </svg>
                <span
                  className="css-1cbcpp5"
                >
                  The list is empty
                </span>
              </div>
            </td>
          </tr>
        </tbody>
      </table>
    </div>
  </div>,
  <div
    className="css-79elbk"
  >
    <div
      className="css-907xkp"
    >
      <table
        className="css-1c1gq12"
        role="table"
      >
        <tbody
          className="css-14r34si"
          role="rowgroup"
        >
          <tr>
            <td
              colSpan={6}
            >
              <div
                className="css-1unytjj"
              >
                <svg
                  className="css-zlqbmm"
                  viewBox="0 0 64 41"
                >
                  <use
                    xlinkHref="#empty-box-no-data"
                  />
                </svg>
                <span
                  className="css-1cbcpp5"
                >
                  The list is empty
                </span>
              </div>
            </td>
          </tr>
        </tbody>
      </table>
    </div>
  </div>,
]
`;

exports[`Table renders simple 1`] = `
<div
  className="css-79elbk"
>
  <div
    className="css-907xkp"
  >
    <table
      className="css-1c1gq12"
      role="table"
    >
      <thead>
        <tr
          role="row"
        >
          <th
            className="css-1bpu65y"
            colSpan={1}
            role="columnheader"
          >
            First Name
          </th>
          <th
            className="css-1bpu65y"
            colSpan={1}
            role="columnheader"
          >
            Last Name
          </th>
          <th
            className="css-1bpu65y"
            colSpan={1}
            role="columnheader"
          >
            Age
          </th>
          <th
            className="css-1bpu65y"
            colSpan={1}
            role="columnheader"
          >
            Visits
          </th>
          <th
            className="css-1bpu65y"
            colSpan={1}
            role="columnheader"
          >
            Status
          </th>
          <th
            className="css-1bpu65y"
            colSpan={1}
            role="columnheader"
          >
            <button
              className="css-q0m736"
              onClick={[Function]}
              type="button"
            >
              Profile Progress
              <svg
                className="css-65v3cp"
                viewBox="0 0 16 16"
              >
                <use
                  xlinkHref="#icon-sort-desc"
                />
              </svg>
            </button>
          </th>
        </tr>
      </thead>
      <tbody
        className="css-14r34si"
        role="rowgroup"
      >
        <tr
          className="css-18uvckh"
          onClick={null}
          onMouseLeave={[Function]}
          onMouseOver={[Function]}
          role="row"
        >
          <td
            className="css-10d3dml"
            onClick={null}
            role="cell"
          >
            spiders
          </td>
          <td
            className="css-10d3dml"
            onClick={null}
            role="cell"
          >
            profession
          </td>
          <td
            className="css-10d3dml"
            onClick={null}
            role="cell"
          >
            15
          </td>
          <td
            className="css-10d3dml"
            onClick={null}
            role="cell"
          >
            55
          </td>
          <td
            className="css-10d3dml"
            onClick={null}
            role="cell"
          >
            complicated
          </td>
          <td
            className="css-10d3dml"
            onClick={null}
            role="cell"
          >
            66
          </td>
        </tr>
        <tr
          className="css-18uvckh"
          onClick={null}
          onMouseLeave={[Function]}
          onMouseOver={[Function]}
          role="row"
        >
          <td
            className="css-10d3dml"
            onClick={null}
            role="cell"
          >
            spiders
          </td>
          <td
            className="css-10d3dml"
            onClick={null}
            role="cell"
          >
            profession
          </td>
          <td
            className="css-10d3dml"
            onClick={null}
            role="cell"
          >
            15
          </td>
          <td
            className="css-10d3dml"
            onClick={null}
            role="cell"
          >
            55
          </td>
          <td
            className="css-10d3dml"
            onClick={null}
            role="cell"
          >
            complicated
          </td>
          <td
            className="css-10d3dml"
            onClick={null}
            role="cell"
          >
            66
          </td>
        </tr>
        <tr
          className="css-18uvckh"
          onClick={null}
          onMouseLeave={[Function]}
          onMouseOver={[Function]}
          role="row"
        >
          <td
            className="css-10d3dml"
            onClick={null}
            role="cell"
          >
            profit
          </td>
          <td
            className="css-10d3dml"
            onClick={null}
            role="cell"
          >
            quiet
          </td>
          <td
            className="css-10d3dml"
            onClick={null}
            role="cell"
          >
            8
          </td>
          <td
            className="css-10d3dml"
            onClick={null}
            role="cell"
          >
            79
          </td>
          <td
            className="css-10d3dml"
            onClick={null}
            role="cell"
          >
            complicated
          </td>
          <td
            className="css-10d3dml"
            onClick={null}
            role="cell"
          >
            9
          </td>
        </tr>
        <tr
          className="css-18uvckh"
          onClick={null}
          onMouseLeave={[Function]}
          onMouseOver={[Function]}
          role="row"
        >
          <td
            className="css-10d3dml"
            onClick={null}
            role="cell"
          >
            hat
          </td>
          <td
            className="css-10d3dml"
            onClick={null}
            role="cell"
          >
            jelly
          </td>
          <td
            className="css-10d3dml"
            onClick={null}
            role="cell"
          >
            7
          </td>
          <td
            className="css-10d3dml"
            onClick={null}
            role="cell"
          >
            56
          </td>
          <td
            className="css-10d3dml"
            onClick={null}
            role="cell"
          >
            <button
              className="css-uluxjh"
              type="button"
            >
              Refresh
            </button>
          </td>
          <td
            className="css-10d3dml"
            onClick={null}
            role="cell"
          >
            67
          </td>
        </tr>
      </tbody>
    </table>
  </div>
</div>
`;

exports[`Table renders with code row 1`] = `
<div
  className="css-79elbk"
>
  <div
    className="css-907xkp"
  >
    <table
      className="css-1c1gq12"
      role="table"
    >
      <thead>
        <tr
          role="row"
        >
          <th
            className="css-1bpu65y"
            colSpan={1}
            role="columnheader"
          >
            First Name
          </th>
          <th
            className="css-1bpu65y"
            colSpan={1}
            role="columnheader"
          >
            Last Name
          </th>
          <th
            className="css-1bpu65y"
            colSpan={1}
            role="columnheader"
          >
            Age
          </th>
          <th
            className="css-1bpu65y"
            colSpan={1}
            role="columnheader"
          >
            Visits
          </th>
          <th
            className="css-1bpu65y"
            colSpan={1}
            role="columnheader"
          >
            Status
          </th>
          <th
            className="css-1bpu65y"
            colSpan={1}
            role="columnheader"
          >
            <button
              className="css-q0m736"
              onClick={[Function]}
              type="button"
            >
              Profile Progress
              <svg
                className="css-65v3cp"
                viewBox="0 0 16 16"
              >
                <use
                  xlinkHref="#icon-sort-desc"
                />
              </svg>
            </button>
          </th>
        </tr>
      </thead>
      <tbody
        className="css-14r34si"
        role="rowgroup"
      >
        <tr
          className=""
          onClick={null}
          onMouseLeave={[Function]}
          onMouseOver={[Function]}
          role="row"
        >
          <td
            className="css-10d3dml"
            onClick={null}
            role="cell"
          >
            spiders
          </td>
          <td
            className="css-10d3dml"
            onClick={null}
            role="cell"
          >
            profession
          </td>
          <td
            className="css-10d3dml"
            onClick={null}
            role="cell"
          >
            15
          </td>
          <td
            className="css-10d3dml"
            onClick={null}
            role="cell"
          >
            55
          </td>
          <td
            className="css-10d3dml"
            onClick={null}
            role="cell"
          >
            complicated
          </td>
          <td
            className="css-10d3dml"
            onClick={null}
            role="cell"
          >
            66
          </td>
        </tr>
        <tr
          className="css-18uvckh"
          onClick={[Function]}
          onMouseLeave={[Function]}
          onMouseOver={[Function]}
        >
          <td
            className="css-1pwfef4"
            colSpan={6}
          >
            some code1
          </td>
        </tr>
        <tr
          className=""
          onClick={null}
          onMouseLeave={[Function]}
          onMouseOver={[Function]}
          role="row"
        >
          <td
            className="css-10d3dml"
            onClick={null}
            role="cell"
          >
            spiders
          </td>
          <td
            className="css-10d3dml"
            onClick={null}
            role="cell"
          >
            profession
          </td>
          <td
            className="css-10d3dml"
            onClick={null}
            role="cell"
          >
            15
          </td>
          <td
            className="css-10d3dml"
            onClick={null}
            role="cell"
          >
            55
          </td>
          <td
            className="css-10d3dml"
            onClick={null}
            role="cell"
          >
            complicated
          </td>
          <td
            className="css-10d3dml"
            onClick={null}
            role="cell"
          >
            66
          </td>
        </tr>
        <tr
          className="css-18uvckh"
          onClick={[Function]}
          onMouseLeave={[Function]}
          onMouseOver={[Function]}
        >
          <td
            className="css-1pwfef4"
            colSpan={6}
          >
            some code2
          </td>
        </tr>
        <tr
          className="css-18uvckh"
          onClick={null}
          onMouseLeave={[Function]}
          onMouseOver={[Function]}
          role="row"
        >
          <td
            className="css-10d3dml"
            onClick={null}
            role="cell"
          >
            profit
          </td>
          <td
            className="css-10d3dml"
            onClick={null}
            role="cell"
          >
            quiet
          </td>
          <td
            className="css-10d3dml"
            onClick={null}
            role="cell"
          >
            8
          </td>
          <td
            className="css-10d3dml"
            onClick={null}
            role="cell"
          >
            79
          </td>
          <td
            className="css-10d3dml"
            onClick={null}
            role="cell"
          >
            complicated
          </td>
          <td
            className="css-10d3dml"
            onClick={null}
            role="cell"
          >
            9
          </td>
        </tr>
        <tr
          className=""
          onClick={null}
          onMouseLeave={[Function]}
          onMouseOver={[Function]}
          role="row"
        >
          <td
            className="css-10d3dml"
            onClick={null}
            role="cell"
          >
            hat
          </td>
          <td
            className="css-10d3dml"
            onClick={null}
            role="cell"
          >
            jelly
          </td>
          <td
            className="css-10d3dml"
            onClick={null}
            role="cell"
          >
            7
          </td>
          <td
            className="css-10d3dml"
            onClick={null}
            role="cell"
          >
            56
          </td>
          <td
            className="css-10d3dml"
            onClick={null}
            role="cell"
          >
            relationship
          </td>
          <td
            className="css-10d3dml"
            onClick={null}
            role="cell"
          >
            67
          </td>
        </tr>
        <tr
          className="css-18uvckh"
          onClick={[Function]}
          onMouseLeave={[Function]}
          onMouseOver={[Function]}
        >
          <td
            className="css-1pwfef4"
            colSpan={6}
          >
            some code4
          </td>
        </tr>
      </tbody>
    </table>
  </div>
</div>
`;

exports[`Table renders with controlled pagination and selected rows 1`] = `
<div
  className="css-79elbk"
>
  <div
    className="css-907xkp"
  >
    <table
      className="css-1c1gq12"
      role="table"
    >
      <thead>
        <tr
          role="row"
        >
          <th
            className="css-1bpu65y"
            colSpan={1}
            role="columnheader"
          >
            <label
              className="css-759u60"
              title="Toggle All Rows Selected"
            >
              <input
                checked={false}
                className="css-1fb08im"
                disabled={false}
                onChange={[Function]}
                type="checkbox"
              />
              <div
                className="css-79elbk"
              >
                <svg
                  className="css-1v31moo"
                  viewBox="0 0 16 16"
                >
                  <use
                    xlinkHref="#checkbox"
                  />
                </svg>
              </div>
            </label>
          </th>
          <th
            className="css-1bpu65y"
            colSpan={1}
            role="columnheader"
          >
            First Name
          </th>
          <th
            className="css-1bpu65y"
            colSpan={1}
            role="columnheader"
          >
            Last Name
          </th>
          <th
            className="css-1bpu65y"
            colSpan={1}
            role="columnheader"
          >
            Age
          </th>
          <th
            className="css-1bpu65y"
            colSpan={1}
            role="columnheader"
          >
            Visits
          </th>
          <th
            className="css-1bpu65y"
            colSpan={1}
            role="columnheader"
          >
            Status
          </th>
          <th
            className="css-1bpu65y"
            colSpan={1}
            role="columnheader"
          >
            <button
              className="css-q0m736"
              onClick={[Function]}
              type="button"
            >
              Profile Progress
              <svg
                className="css-65v3cp"
                viewBox="0 0 16 16"
              >
                <use
                  xlinkHref="#icon-sort-desc"
                />
              </svg>
            </button>
          </th>
        </tr>
      </thead>
      <tbody
        className="css-14r34si"
        role="rowgroup"
      >
        <tr
          className=""
          onClick={null}
          onMouseLeave={[Function]}
          onMouseOver={[Function]}
          role="row"
        >
          <td
            className="css-10d3dml"
            onClick={[Function]}
            role="cell"
          >
            <label
              className="css-759u60"
            >
              <input
                checked={false}
                className="css-1fb08im"
                disabled={false}
                type="checkbox"
              />
              <div
                className="css-79elbk"
              >
                <svg
                  className="css-1v31moo"
                  viewBox="0 0 16 16"
                >
                  <use
                    xlinkHref="#checkbox"
                  />
                </svg>
              </div>
            </label>
          </td>
          <td
            className="css-10d3dml"
            onClick={null}
            role="cell"
          >
            spiders
          </td>
          <td
            className="css-10d3dml"
            onClick={null}
            role="cell"
          >
            profession
          </td>
          <td
            className="css-10d3dml"
            onClick={null}
            role="cell"
          >
            15
          </td>
          <td
            className="css-10d3dml"
            onClick={null}
            role="cell"
          >
            55
          </td>
          <td
            className="css-10d3dml"
            onClick={null}
            role="cell"
          >
            complicated
          </td>
          <td
            className="css-10d3dml"
            onClick={null}
            role="cell"
          >
            66
          </td>
        </tr>
        <tr
          className="css-18uvckh"
          onClick={[Function]}
          onMouseLeave={[Function]}
          onMouseOver={[Function]}
        >
          <td
            className="css-1pwfef4"
            colSpan={7}
          >
            some code1
          </td>
        </tr>
        <tr
          className=""
          onClick={null}
          onMouseLeave={[Function]}
          onMouseOver={[Function]}
          role="row"
        >
          <td
            className="css-10d3dml"
            onClick={[Function]}
            role="cell"
          >
            <label
              className="css-759u60"
            >
              <input
                checked={false}
                className="css-1fb08im"
                disabled={false}
                type="checkbox"
              />
              <div
                className="css-79elbk"
              >
                <svg
                  className="css-1v31moo"
                  viewBox="0 0 16 16"
                >
                  <use
                    xlinkHref="#checkbox"
                  />
                </svg>
              </div>
            </label>
          </td>
          <td
            className="css-10d3dml"
            onClick={null}
            role="cell"
          >
            spiders
          </td>
          <td
            className="css-10d3dml"
            onClick={null}
            role="cell"
          >
            profession
          </td>
          <td
            className="css-10d3dml"
            onClick={null}
            role="cell"
          >
            15
          </td>
          <td
            className="css-10d3dml"
            onClick={null}
            role="cell"
          >
            55
          </td>
          <td
            className="css-10d3dml"
            onClick={null}
            role="cell"
          >
            complicated
          </td>
          <td
            className="css-10d3dml"
            onClick={null}
            role="cell"
          >
            66
          </td>
        </tr>
        <tr
          className="css-18uvckh"
          onClick={[Function]}
          onMouseLeave={[Function]}
          onMouseOver={[Function]}
        >
          <td
            className="css-1pwfef4"
            colSpan={7}
          >
            some code2
          </td>
        </tr>
        <tr
          className="css-18uvckh"
          onClick={null}
          onMouseLeave={[Function]}
          onMouseOver={[Function]}
          role="row"
        >
          <td
            className="css-10d3dml"
            onClick={[Function]}
            role="cell"
          >
            <label
              className="css-759u60"
            >
              <input
                checked={false}
                className="css-1fb08im"
                disabled={false}
                type="checkbox"
              />
              <div
                className="css-79elbk"
              >
                <svg
                  className="css-1v31moo"
                  viewBox="0 0 16 16"
                >
                  <use
                    xlinkHref="#checkbox"
                  />
                </svg>
              </div>
            </label>
          </td>
          <td
            className="css-10d3dml"
            onClick={null}
            role="cell"
          >
            profit
          </td>
          <td
            className="css-10d3dml"
            onClick={null}
            role="cell"
          >
            quiet
          </td>
          <td
            className="css-10d3dml"
            onClick={null}
            role="cell"
          >
            8
          </td>
          <td
            className="css-10d3dml"
            onClick={null}
            role="cell"
          >
            79
          </td>
          <td
            className="css-10d3dml"
            onClick={null}
            role="cell"
          >
            complicated
          </td>
          <td
            className="css-10d3dml"
            onClick={null}
            role="cell"
          >
            9
          </td>
        </tr>
        <tr
          className=""
          onClick={null}
          onMouseLeave={[Function]}
          onMouseOver={[Function]}
          role="row"
        >
          <td
            className="css-10d3dml"
            onClick={[Function]}
            role="cell"
          >
            <label
              className="css-759u60"
            >
              <input
                checked={false}
                className="css-1fb08im"
                disabled={false}
                type="checkbox"
              />
              <div
                className="css-79elbk"
              >
                <svg
                  className="css-1v31moo"
                  viewBox="0 0 16 16"
                >
                  <use
                    xlinkHref="#checkbox"
                  />
                </svg>
              </div>
            </label>
          </td>
          <td
            className="css-10d3dml"
            onClick={null}
            role="cell"
          >
            hat
          </td>
          <td
            className="css-10d3dml"
            onClick={null}
            role="cell"
          >
            jelly
          </td>
          <td
            className="css-10d3dml"
            onClick={null}
            role="cell"
          >
            7
          </td>
          <td
            className="css-10d3dml"
            onClick={null}
            role="cell"
          >
            56
          </td>
          <td
            className="css-10d3dml"
            onClick={null}
            role="cell"
          >
            relationship
          </td>
          <td
            className="css-10d3dml"
            onClick={null}
            role="cell"
          >
            67
          </td>
        </tr>
        <tr
          className="css-18uvckh"
          onClick={[Function]}
          onMouseLeave={[Function]}
          onMouseOver={[Function]}
        >
          <td
            className="css-1pwfef4"
            colSpan={7}
          >
            some code4
          </td>
        </tr>
      </tbody>
    </table>
    <div
      className="css-kw88hx"
    >
      <div
        className="css-k008qs"
      >
        <button
          className="css-1qbz1gj"
          disabled={true}
          onClick={[Function]}
          type="button"
        >
          <svg
            className="css-1gcl23y"
            viewBox="0 0 14 14"
          >
            <use
              xlinkHref="#chevron-up"
            />
          </svg>
        </button>
        <span
          className="css-u8kjm9"
        >
          1
        </span>
        <button
          className="css-q25dw3"
          onClick={[Function]}
          type="button"
        >
          <svg
            className="css-14x0fwm"
            viewBox="0 0 14 14"
          >
            <use
              xlinkHref="#chevron-up"
            />
          </svg>
        </button>
        <div
          className="css-1vkrryt"
          onClick={[Function]}
        >
          <button
            className="css-ypl1wq"
            type="button"
          >
            10 / page 
            <svg
              className="css-t1im82"
              viewBox="0 0 14 14"
            >
              <use
                xlinkHref="#chevron-up"
              />
            </svg>
          </button>
        </div>
      </div>
    </div>
  </div>
</div>
`;

exports[`Table renders with controlled pagination and selected rows 2`] = `
<div
  className="css-79elbk"
>
  <div
    className="css-907xkp"
  >
    <table
      className="css-1c1gq12"
      role="table"
    >
      <thead>
        <tr
          role="row"
        >
          <th
            className="css-1bpu65y"
            colSpan={1}
            role="columnheader"
          >
            First Name
          </th>
          <th
            className="css-1bpu65y"
            colSpan={1}
            role="columnheader"
          >
            Last Name
          </th>
          <th
            className="css-1bpu65y"
            colSpan={1}
            role="columnheader"
          >
            Age
          </th>
          <th
            className="css-1bpu65y"
            colSpan={1}
            role="columnheader"
          >
            Visits
          </th>
          <th
            className="css-1bpu65y"
            colSpan={1}
            role="columnheader"
          >
            Status
          </th>
          <th
            className="css-1bpu65y"
            colSpan={1}
            role="columnheader"
          >
            <button
              className="css-q0m736"
              onClick={[Function]}
              type="button"
            >
              Profile Progress
              <svg
                className="css-jwl0qd"
                viewBox="0 0 16 16"
              >
                <use
                  xlinkHref="#icon-sort-desc"
                />
              </svg>
            </button>
          </th>
        </tr>
      </thead>
      <tbody
        className="css-14r34si"
        role="rowgroup"
      >
        <tr>
          <td
            className="css-3v046q"
            colSpan={6}
            style={
              Object {
                "top": 0,
              }
            }
          >
            23.11.2020
          </td>
        </tr>
        <tr
          className="css-18uvckh"
          onClick={null}
          onMouseLeave={[Function]}
          onMouseOver={[Function]}
          role="row"
        >
          <td
            className="css-10d3dml"
            onClick={null}
            role="cell"
          >
            profit
          </td>
          <td
            className="css-10d3dml"
            onClick={null}
            role="cell"
          >
            quiet
          </td>
          <td
            className="css-10d3dml"
            onClick={null}
            role="cell"
          >
            8
          </td>
          <td
            className="css-10d3dml"
            onClick={null}
            role="cell"
          >
            79
          </td>
          <td
            className="css-10d3dml"
            onClick={null}
            role="cell"
          >
            complicated
          </td>
          <td
            className="css-10d3dml"
            onClick={null}
            role="cell"
          >
            9
          </td>
        </tr>
        <tr
          className=""
          onClick={null}
          onMouseLeave={[Function]}
          onMouseOver={[Function]}
          role="row"
        >
          <td
            className="css-10d3dml"
            onClick={null}
            role="cell"
          >
            spiders
          </td>
          <td
            className="css-10d3dml"
            onClick={null}
            role="cell"
          >
            profession
          </td>
          <td
            className="css-10d3dml"
            onClick={null}
            role="cell"
          >
            15
          </td>
          <td
            className="css-10d3dml"
            onClick={null}
            role="cell"
          >
            55
          </td>
          <td
            className="css-10d3dml"
            onClick={null}
            role="cell"
          >
            complicated
          </td>
          <td
            className="css-10d3dml"
            onClick={null}
            role="cell"
          >
            66
          </td>
        </tr>
        <tr
          className="css-18uvckh"
          onClick={[Function]}
          onMouseLeave={[Function]}
          onMouseOver={[Function]}
        >
          <td
            className="css-1pwfef4"
            colSpan={6}
          >
            some code1
          </td>
        </tr>
        <tr
          className="css-18uvckh"
          onClick={null}
          onMouseLeave={[Function]}
          onMouseOver={[Function]}
          role="row"
        >
          <td
            className="css-10d3dml"
            onClick={null}
            role="cell"
          >
            spiders
          </td>
          <td
            className="css-10d3dml"
            onClick={null}
            role="cell"
          >
            profession
          </td>
          <td
            className="css-10d3dml"
            onClick={null}
            role="cell"
          >
            15
          </td>
          <td
            className="css-10d3dml"
            onClick={null}
            role="cell"
          >
            55
          </td>
          <td
            className="css-10d3dml"
            onClick={null}
            role="cell"
          >
            complicated
          </td>
          <td
            className="css-10d3dml"
            onClick={null}
            role="cell"
          >
            66
          </td>
        </tr>
      </tbody>
    </table>
  </div>
</div>
`;

exports[`Table renders with pagination 1`] = `
<div
  className="css-79elbk"
>
  <div
    className="css-907xkp"
  >
    <table
      className="css-1c1gq12"
      role="table"
    >
      <thead>
        <tr
          role="row"
        >
          <th
            className="css-1bpu65y"
            colSpan={1}
            role="columnheader"
          >
            First Name
          </th>
          <th
            className="css-1bpu65y"
            colSpan={1}
            role="columnheader"
          >
            Last Name
          </th>
          <th
            className="css-1bpu65y"
            colSpan={1}
            role="columnheader"
          >
            Age
          </th>
          <th
            className="css-1bpu65y"
            colSpan={1}
            role="columnheader"
          >
            Visits
          </th>
          <th
            className="css-1bpu65y"
            colSpan={1}
            role="columnheader"
          >
            Status
          </th>
          <th
            className="css-1bpu65y"
            colSpan={1}
            role="columnheader"
          >
            <button
              className="css-q0m736"
              onClick={[Function]}
              type="button"
            >
              Profile Progress
              <svg
                className="css-65v3cp"
                viewBox="0 0 16 16"
              >
                <use
                  xlinkHref="#icon-sort-desc"
                />
              </svg>
            </button>
          </th>
        </tr>
      </thead>
      <tbody
        className="css-14r34si"
        role="rowgroup"
      >
        <tr
          className=""
          onClick={null}
          onMouseLeave={[Function]}
          onMouseOver={[Function]}
          role="row"
        >
          <td
            className="css-10d3dml"
            onClick={null}
            role="cell"
          >
            spiders
          </td>
          <td
            className="css-10d3dml"
            onClick={null}
            role="cell"
          >
            profession
          </td>
          <td
            className="css-10d3dml"
            onClick={null}
            role="cell"
          >
            15
          </td>
          <td
            className="css-10d3dml"
            onClick={null}
            role="cell"
          >
            55
          </td>
          <td
            className="css-10d3dml"
            onClick={null}
            role="cell"
          >
            complicated
          </td>
          <td
            className="css-10d3dml"
            onClick={null}
            role="cell"
          >
            66
          </td>
        </tr>
        <tr
          className="css-18uvckh"
          onClick={[Function]}
          onMouseLeave={[Function]}
          onMouseOver={[Function]}
        >
          <td
            className="css-1pwfef4"
            colSpan={6}
          >
            some code1
          </td>
        </tr>
        <tr
          className=""
          onClick={null}
          onMouseLeave={[Function]}
          onMouseOver={[Function]}
          role="row"
        >
          <td
            className="css-10d3dml"
            onClick={null}
            role="cell"
          >
            spiders
          </td>
          <td
            className="css-10d3dml"
            onClick={null}
            role="cell"
          >
            profession
          </td>
          <td
            className="css-10d3dml"
            onClick={null}
            role="cell"
          >
            15
          </td>
          <td
            className="css-10d3dml"
            onClick={null}
            role="cell"
          >
            55
          </td>
          <td
            className="css-10d3dml"
            onClick={null}
            role="cell"
          >
            complicated
          </td>
          <td
            className="css-10d3dml"
            onClick={null}
            role="cell"
          >
            66
          </td>
        </tr>
        <tr
          className="css-18uvckh"
          onClick={[Function]}
          onMouseLeave={[Function]}
          onMouseOver={[Function]}
        >
          <td
            className="css-1pwfef4"
            colSpan={6}
          >
            some code2
          </td>
        </tr>
        <tr
          className="css-18uvckh"
          onClick={null}
          onMouseLeave={[Function]}
          onMouseOver={[Function]}
          role="row"
        >
          <td
            className="css-10d3dml"
            onClick={null}
            role="cell"
          >
            profit
          </td>
          <td
            className="css-10d3dml"
            onClick={null}
            role="cell"
          >
            quiet
          </td>
          <td
            className="css-10d3dml"
            onClick={null}
            role="cell"
          >
            8
          </td>
          <td
            className="css-10d3dml"
            onClick={null}
            role="cell"
          >
            79
          </td>
          <td
            className="css-10d3dml"
            onClick={null}
            role="cell"
          >
            complicated
          </td>
          <td
            className="css-10d3dml"
            onClick={null}
            role="cell"
          >
            9
          </td>
        </tr>
        <tr
          className=""
          onClick={null}
          onMouseLeave={[Function]}
          onMouseOver={[Function]}
          role="row"
        >
          <td
            className="css-10d3dml"
            onClick={null}
            role="cell"
          >
            hat
          </td>
          <td
            className="css-10d3dml"
            onClick={null}
            role="cell"
          >
            jelly
          </td>
          <td
            className="css-10d3dml"
            onClick={null}
            role="cell"
          >
            7
          </td>
          <td
            className="css-10d3dml"
            onClick={null}
            role="cell"
          >
            56
          </td>
          <td
            className="css-10d3dml"
            onClick={null}
            role="cell"
          >
            relationship
          </td>
          <td
            className="css-10d3dml"
            onClick={null}
            role="cell"
          >
            67
          </td>
        </tr>
        <tr
          className="css-18uvckh"
          onClick={[Function]}
          onMouseLeave={[Function]}
          onMouseOver={[Function]}
        >
          <td
            className="css-1pwfef4"
            colSpan={6}
          >
            some code4
          </td>
        </tr>
      </tbody>
    </table>
    <div
      className="css-kw88hx"
    >
      <div
        className="css-k008qs"
      >
        <div
          className="css-1dob6jq"
        >
          1
          -
          4
           of 
          4
           items
        </div>
        <div>
          <button
            className="css-1stu4n5"
            disabled={true}
            onClick={[Function]}
            type="button"
          >
            <svg
              className="css-1gcl23y"
              viewBox="0 0 14 14"
            >
              <use
                xlinkHref="#chevron-up"
              />
            </svg>
          </button>
        </div>
        <div>
          <button
            className="css-1k3cu11"
            onClick={[Function]}
            type="button"
          >
            1
          </button>
        </div>
        <div>
          <button
            className="css-1stu4n5"
            disabled={true}
            onClick={[Function]}
            type="button"
          >
            <svg
              className="css-14x0fwm"
              viewBox="0 0 14 14"
            >
              <use
                xlinkHref="#chevron-up"
              />
            </svg>
          </button>
        </div>
        <div
          className="css-1vkrryt"
          onClick={[Function]}
        >
          <button
            className="css-ixus2c"
            type="button"
          >
            10 / page 
            <svg
              className="css-t1im82"
              viewBox="0 0 14 14"
            >
              <use
                xlinkHref="#chevron-up"
              />
            </svg>
          </button>
        </div>
      </div>
    </div>
  </div>
</div>
`;

exports[`Table renders with pagination and selected rows 1`] = `
<div
  className="css-79elbk"
>
  <div
    className="css-907xkp"
  >
    <table
      className="css-1c1gq12"
      role="table"
    >
      <thead>
        <tr
          role="row"
        >
          <th
            className="css-1bpu65y"
            colSpan={1}
            role="columnheader"
          >
            <label
              className="css-759u60"
              title="Toggle All Rows Selected"
            >
              <input
                checked={false}
                className="css-1fb08im"
                disabled={false}
                onChange={[Function]}
                type="checkbox"
              />
              <div
                className="css-79elbk"
              >
                <svg
                  className="css-1v31moo"
                  viewBox="0 0 16 16"
                >
                  <use
                    xlinkHref="#checkbox"
                  />
                </svg>
              </div>
            </label>
          </th>
          <th
            className="css-1bpu65y"
            colSpan={1}
            role="columnheader"
          >
            First Name
          </th>
          <th
            className="css-1bpu65y"
            colSpan={1}
            role="columnheader"
          >
            Last Name
          </th>
          <th
            className="css-1bpu65y"
            colSpan={1}
            role="columnheader"
          >
            Age
          </th>
          <th
            className="css-1bpu65y"
            colSpan={1}
            role="columnheader"
          >
            Visits
          </th>
          <th
            className="css-1bpu65y"
            colSpan={1}
            role="columnheader"
          >
            Status
          </th>
          <th
            className="css-1bpu65y"
            colSpan={1}
            role="columnheader"
          >
            <button
              className="css-q0m736"
              onClick={[Function]}
              type="button"
            >
              Profile Progress
              <svg
                className="css-65v3cp"
                viewBox="0 0 16 16"
              >
                <use
                  xlinkHref="#icon-sort-desc"
                />
              </svg>
            </button>
          </th>
        </tr>
      </thead>
      <tbody
        className="css-14r34si"
        role="rowgroup"
      >
        <tr
          className=""
          onClick={null}
          onMouseLeave={[Function]}
          onMouseOver={[Function]}
          role="row"
        >
          <td
            className="css-10d3dml"
            onClick={[Function]}
            role="cell"
          >
            <label
              className="css-759u60"
            >
              <input
                checked={false}
                className="css-1fb08im"
                disabled={false}
                type="checkbox"
              />
              <div
                className="css-79elbk"
              >
                <svg
                  className="css-1v31moo"
                  viewBox="0 0 16 16"
                >
                  <use
                    xlinkHref="#checkbox"
                  />
                </svg>
              </div>
            </label>
          </td>
          <td
            className="css-10d3dml"
            onClick={null}
            role="cell"
          >
            spiders
          </td>
          <td
            className="css-10d3dml"
            onClick={null}
            role="cell"
          >
            profession
          </td>
          <td
            className="css-10d3dml"
            onClick={null}
            role="cell"
          >
            15
          </td>
          <td
            className="css-10d3dml"
            onClick={null}
            role="cell"
          >
            55
          </td>
          <td
            className="css-10d3dml"
            onClick={null}
            role="cell"
          >
            complicated
          </td>
          <td
            className="css-10d3dml"
            onClick={null}
            role="cell"
          >
            66
          </td>
        </tr>
        <tr
          className="css-18uvckh"
          onClick={[Function]}
          onMouseLeave={[Function]}
          onMouseOver={[Function]}
        >
          <td
            className="css-1pwfef4"
            colSpan={7}
          >
            some code1
          </td>
        </tr>
        <tr
          className=""
          onClick={null}
          onMouseLeave={[Function]}
          onMouseOver={[Function]}
          role="row"
        >
          <td
            className="css-10d3dml"
            onClick={[Function]}
            role="cell"
          >
            <label
              className="css-759u60"
            >
              <input
                checked={false}
                className="css-1fb08im"
                disabled={false}
                type="checkbox"
              />
              <div
                className="css-79elbk"
              >
                <svg
                  className="css-1v31moo"
                  viewBox="0 0 16 16"
                >
                  <use
                    xlinkHref="#checkbox"
                  />
                </svg>
              </div>
            </label>
          </td>
          <td
            className="css-10d3dml"
            onClick={null}
            role="cell"
          >
            spiders
          </td>
          <td
            className="css-10d3dml"
            onClick={null}
            role="cell"
          >
            profession
          </td>
          <td
            className="css-10d3dml"
            onClick={null}
            role="cell"
          >
            15
          </td>
          <td
            className="css-10d3dml"
            onClick={null}
            role="cell"
          >
            55
          </td>
          <td
            className="css-10d3dml"
            onClick={null}
            role="cell"
          >
            complicated
          </td>
          <td
            className="css-10d3dml"
            onClick={null}
            role="cell"
          >
            66
          </td>
        </tr>
        <tr
          className="css-18uvckh"
          onClick={[Function]}
          onMouseLeave={[Function]}
          onMouseOver={[Function]}
        >
          <td
            className="css-1pwfef4"
            colSpan={7}
          >
            some code2
          </td>
        </tr>
        <tr
          className="css-18uvckh"
          onClick={null}
          onMouseLeave={[Function]}
          onMouseOver={[Function]}
          role="row"
        >
          <td
            className="css-10d3dml"
            onClick={[Function]}
            role="cell"
          >
            <label
              className="css-759u60"
            >
              <input
                checked={false}
                className="css-1fb08im"
                disabled={false}
                type="checkbox"
              />
              <div
                className="css-79elbk"
              >
                <svg
                  className="css-1v31moo"
                  viewBox="0 0 16 16"
                >
                  <use
                    xlinkHref="#checkbox"
                  />
                </svg>
              </div>
            </label>
          </td>
          <td
            className="css-10d3dml"
            onClick={null}
            role="cell"
          >
            profit
          </td>
          <td
            className="css-10d3dml"
            onClick={null}
            role="cell"
          >
            quiet
          </td>
          <td
            className="css-10d3dml"
            onClick={null}
            role="cell"
          >
            8
          </td>
          <td
            className="css-10d3dml"
            onClick={null}
            role="cell"
          >
            79
          </td>
          <td
            className="css-10d3dml"
            onClick={null}
            role="cell"
          >
            complicated
          </td>
          <td
            className="css-10d3dml"
            onClick={null}
            role="cell"
          >
            9
          </td>
        </tr>
        <tr
          className=""
          onClick={null}
          onMouseLeave={[Function]}
          onMouseOver={[Function]}
          role="row"
        >
          <td
            className="css-10d3dml"
            onClick={[Function]}
            role="cell"
          >
            <label
              className="css-759u60"
            >
              <input
                checked={false}
                className="css-1fb08im"
                disabled={false}
                type="checkbox"
              />
              <div
                className="css-79elbk"
              >
                <svg
                  className="css-1v31moo"
                  viewBox="0 0 16 16"
                >
                  <use
                    xlinkHref="#checkbox"
                  />
                </svg>
              </div>
            </label>
          </td>
          <td
            className="css-10d3dml"
            onClick={null}
            role="cell"
          >
            hat
          </td>
          <td
            className="css-10d3dml"
            onClick={null}
            role="cell"
          >
            jelly
          </td>
          <td
            className="css-10d3dml"
            onClick={null}
            role="cell"
          >
            7
          </td>
          <td
            className="css-10d3dml"
            onClick={null}
            role="cell"
          >
            56
          </td>
          <td
            className="css-10d3dml"
            onClick={null}
            role="cell"
          >
            relationship
          </td>
          <td
            className="css-10d3dml"
            onClick={null}
            role="cell"
          >
            67
          </td>
        </tr>
        <tr
          className="css-18uvckh"
          onClick={[Function]}
          onMouseLeave={[Function]}
          onMouseOver={[Function]}
        >
          <td
            className="css-1pwfef4"
            colSpan={7}
          >
            some code4
          </td>
        </tr>
      </tbody>
    </table>
    <div
      className="css-kw88hx"
    >
      <div
        className="css-k008qs"
      >
        <div
          className="css-1dob6jq"
        >
          1
          -
          4
           of 
          4
           items
        </div>
        <div>
          <button
            className="css-1stu4n5"
            disabled={true}
            onClick={[Function]}
            type="button"
          >
            <svg
              className="css-1gcl23y"
              viewBox="0 0 14 14"
            >
              <use
                xlinkHref="#chevron-up"
              />
            </svg>
          </button>
        </div>
        <div>
          <button
            className="css-1k3cu11"
            onClick={[Function]}
            type="button"
          >
            1
          </button>
        </div>
        <div>
          <button
            className="css-1stu4n5"
            disabled={true}
            onClick={[Function]}
            type="button"
          >
            <svg
              className="css-14x0fwm"
              viewBox="0 0 14 14"
            >
              <use
                xlinkHref="#chevron-up"
              />
            </svg>
          </button>
        </div>
        <div
          className="css-1vkrryt"
          onClick={[Function]}
        >
          <button
            className="css-ixus2c"
            type="button"
          >
            10 / page 
            <svg
              className="css-t1im82"
              viewBox="0 0 14 14"
            >
              <use
                xlinkHref="#chevron-up"
              />
            </svg>
          </button>
        </div>
      </div>
    </div>
  </div>
</div>
`;
